Archive member included to satisfy reference by file (symbol)

c:/st/stm32cubeide_1.10.1/stm32cubeide/plugins/com.st.stm32cube.ide.mcu.externaltools.gnu-tools-for-stm32.10.3-2021.10.win32_1.0.0.202111181127/tools/bin/../lib/gcc/arm-none-eabi/10.3.1/../../../../arm-none-eabi/lib/thumb/v7e-m+fp/hard\libc_nano.a(lib_a-errno.o)
                              ./Core/Src/syscalls.o (__errno)
c:/st/stm32cubeide_1.10.1/stm32cubeide/plugins/com.st.stm32cube.ide.mcu.externaltools.gnu-tools-for-stm32.10.3-2021.10.win32_1.0.0.202111181127/tools/bin/../lib/gcc/arm-none-eabi/10.3.1/../../../../arm-none-eabi/lib/thumb/v7e-m+fp/hard\libc_nano.a(lib_a-exit.o)
                              c:/st/stm32cubeide_1.10.1/stm32cubeide/plugins/com.st.stm32cube.ide.mcu.externaltools.gnu-tools-for-stm32.10.3-2021.10.win32_1.0.0.202111181127/tools/bin/../lib/gcc/arm-none-eabi/10.3.1/../../../../arm-none-eabi/lib/thumb/v7e-m+fp/hard/crt0.o (exit)
c:/st/stm32cubeide_1.10.1/stm32cubeide/plugins/com.st.stm32cube.ide.mcu.externaltools.gnu-tools-for-stm32.10.3-2021.10.win32_1.0.0.202111181127/tools/bin/../lib/gcc/arm-none-eabi/10.3.1/../../../../arm-none-eabi/lib/thumb/v7e-m+fp/hard\libc_nano.a(lib_a-impure.o)
                              c:/st/stm32cubeide_1.10.1/stm32cubeide/plugins/com.st.stm32cube.ide.mcu.externaltools.gnu-tools-for-stm32.10.3-2021.10.win32_1.0.0.202111181127/tools/bin/../lib/gcc/arm-none-eabi/10.3.1/../../../../arm-none-eabi/lib/thumb/v7e-m+fp/hard\libc_nano.a(lib_a-exit.o) (_global_impure_ptr)
c:/st/stm32cubeide_1.10.1/stm32cubeide/plugins/com.st.stm32cube.ide.mcu.externaltools.gnu-tools-for-stm32.10.3-2021.10.win32_1.0.0.202111181127/tools/bin/../lib/gcc/arm-none-eabi/10.3.1/../../../../arm-none-eabi/lib/thumb/v7e-m+fp/hard\libc_nano.a(lib_a-init.o)
                              c:/st/stm32cubeide_1.10.1/stm32cubeide/plugins/com.st.stm32cube.ide.mcu.externaltools.gnu-tools-for-stm32.10.3-2021.10.win32_1.0.0.202111181127/tools/bin/../lib/gcc/arm-none-eabi/10.3.1/../../../../arm-none-eabi/lib/thumb/v7e-m+fp/hard/crt0.o (__libc_init_array)
c:/st/stm32cubeide_1.10.1/stm32cubeide/plugins/com.st.stm32cube.ide.mcu.externaltools.gnu-tools-for-stm32.10.3-2021.10.win32_1.0.0.202111181127/tools/bin/../lib/gcc/arm-none-eabi/10.3.1/../../../../arm-none-eabi/lib/thumb/v7e-m+fp/hard\libc_nano.a(lib_a-memset.o)
                              c:/st/stm32cubeide_1.10.1/stm32cubeide/plugins/com.st.stm32cube.ide.mcu.externaltools.gnu-tools-for-stm32.10.3-2021.10.win32_1.0.0.202111181127/tools/bin/../lib/gcc/arm-none-eabi/10.3.1/../../../../arm-none-eabi/lib/thumb/v7e-m+fp/hard/crt0.o (memset)
c:/st/stm32cubeide_1.10.1/stm32cubeide/plugins/com.st.stm32cube.ide.mcu.externaltools.gnu-tools-for-stm32.10.3-2021.10.win32_1.0.0.202111181127/tools/bin/../lib/gcc/arm-none-eabi/10.3.1/thumb/v7e-m+fp/hard\libgcc.a(_aeabi_uldivmod.o)
                              ./Drivers/STM32F4xx_HAL_Driver/Src/stm32f4xx_hal_rcc.o (__aeabi_uldivmod)
c:/st/stm32cubeide_1.10.1/stm32cubeide/plugins/com.st.stm32cube.ide.mcu.externaltools.gnu-tools-for-stm32.10.3-2021.10.win32_1.0.0.202111181127/tools/bin/../lib/gcc/arm-none-eabi/10.3.1/thumb/v7e-m+fp/hard\libgcc.a(_udivmoddi4.o)
                              c:/st/stm32cubeide_1.10.1/stm32cubeide/plugins/com.st.stm32cube.ide.mcu.externaltools.gnu-tools-for-stm32.10.3-2021.10.win32_1.0.0.202111181127/tools/bin/../lib/gcc/arm-none-eabi/10.3.1/thumb/v7e-m+fp/hard\libgcc.a(_aeabi_uldivmod.o) (__udivmoddi4)
c:/st/stm32cubeide_1.10.1/stm32cubeide/plugins/com.st.stm32cube.ide.mcu.externaltools.gnu-tools-for-stm32.10.3-2021.10.win32_1.0.0.202111181127/tools/bin/../lib/gcc/arm-none-eabi/10.3.1/thumb/v7e-m+fp/hard\libgcc.a(_dvmd_tls.o)
                              c:/st/stm32cubeide_1.10.1/stm32cubeide/plugins/com.st.stm32cube.ide.mcu.externaltools.gnu-tools-for-stm32.10.3-2021.10.win32_1.0.0.202111181127/tools/bin/../lib/gcc/arm-none-eabi/10.3.1/thumb/v7e-m+fp/hard\libgcc.a(_aeabi_uldivmod.o) (__aeabi_ldiv0)

Discarded input sections

 .text          0x0000000000000000        0x0 c:/st/stm32cubeide_1.10.1/stm32cubeide/plugins/com.st.stm32cube.ide.mcu.externaltools.gnu-tools-for-stm32.10.3-2021.10.win32_1.0.0.202111181127/tools/bin/../lib/gcc/arm-none-eabi/10.3.1/thumb/v7e-m+fp/hard/crti.o
 .data          0x0000000000000000        0x0 c:/st/stm32cubeide_1.10.1/stm32cubeide/plugins/com.st.stm32cube.ide.mcu.externaltools.gnu-tools-for-stm32.10.3-2021.10.win32_1.0.0.202111181127/tools/bin/../lib/gcc/arm-none-eabi/10.3.1/thumb/v7e-m+fp/hard/crti.o
 .bss           0x0000000000000000        0x0 c:/st/stm32cubeide_1.10.1/stm32cubeide/plugins/com.st.stm32cube.ide.mcu.externaltools.gnu-tools-for-stm32.10.3-2021.10.win32_1.0.0.202111181127/tools/bin/../lib/gcc/arm-none-eabi/10.3.1/thumb/v7e-m+fp/hard/crti.o
[...]
Memory Configuration

Name             Origin             Length             Attributes
RAM              0x0000000020000000 0x0000000000020000 xrw
FLASH            0x0000000008000000 0x0000000000080000 xr
*default*        0x0000000000000000 0xffffffffffffffff

Linker script and memory map

LOAD c:/st/stm32cubeide_1.10.1/stm32cubeide/plugins/com.st.stm32cube.ide.mcu.externaltools.gnu-tools-for-stm32.10.3-2021.10.win32_1.0.0.202111181127/tools/bin/../lib/gcc/arm-none-eabi/10.3.1/thumb/v7e-m+fp/hard/crti.o
LOAD c:/st/stm32cubeide_1.10.1/stm32cubeide/plugins/com.st.stm32cube.ide.mcu.externaltools.gnu-tools-for-stm32.10.3-2021.10.win32_1.0.0.202111181127/tools/bin/../lib/gcc/arm-none-eabi/10.3.1/thumb/v7e-m+fp/hard/crtbegin.o
LOAD c:/st/stm32cubeide_1.10.1/stm32cubeide/plugins/com.st.stm32cube.ide.mcu.externaltools.gnu-tools-for-stm32.10.3-2021.10.win32_1.0.0.202111181127/tools/bin/../lib/gcc/arm-none-eabi/10.3.1/../../../../arm-none-eabi/lib/thumb/v7e-m+fp/hard/crt0.o
LOAD ./Core/Src/main.o
LOAD ./Core/Src/stm32f4xx_hal_msp.o
LOAD ./Core/Src/stm32f4xx_it.o
LOAD ./Core/Src/syscalls.o
LOAD ./Core/Src/sysmem.o
LOAD ./Core/Src/system_stm32f4xx.o
LOAD ./Core/Startup/startup_stm32f411ceux.o
LOAD ./Drivers/STM32F4xx_HAL_Driver/Src/stm32f4xx_hal.o
LOAD ./Drivers/STM32F4xx_HAL_Driver/Src/stm32f4xx_hal_adc.o
LOAD ./Drivers/STM32F4xx_HAL_Driver/Src/stm32f4xx_hal_adc_ex.o
LOAD ./Drivers/STM32F4xx_HAL_Driver/Src/stm32f4xx_hal_cortex.o
LOAD ./Drivers/STM32F4xx_HAL_Driver/Src/stm32f4xx_hal_dma.o
LOAD ./Drivers/STM32F4xx_HAL_Driver/Src/stm32f4xx_hal_dma_ex.o
LOAD ./Drivers/STM32F4xx_HAL_Driver/Src/stm32f4xx_hal_exti.o
LOAD ./Drivers/STM32F4xx_HAL_Driver/Src/stm32f4xx_hal_flash.o
LOAD ./Drivers/STM32F4xx_HAL_Driver/Src/stm32f4xx_hal_flash_ex.o
LOAD ./Drivers/STM32F4xx_HAL_Driver/Src/stm32f4xx_hal_flash_ramfunc.o
LOAD ./Drivers/STM32F4xx_HAL_Driver/Src/stm32f4xx_hal_gpio.o
LOAD ./Drivers/STM32F4xx_HAL_Driver/Src/stm32f4xx_hal_pcd.o
LOAD ./Drivers/STM32F4xx_HAL_Driver/Src/stm32f4xx_hal_pcd_ex.o
LOAD ./Drivers/STM32F4xx_HAL_Driver/Src/stm32f4xx_hal_pwr.o
LOAD ./Drivers/STM32F4xx_HAL_Driver/Src/stm32f4xx_hal_pwr_ex.o
LOAD ./Drivers/STM32F4xx_HAL_Driver/Src/stm32f4xx_hal_rcc.o
LOAD ./Drivers/STM32F4xx_HAL_Driver/Src/stm32f4xx_hal_rcc_ex.o
LOAD ./Drivers/STM32F4xx_HAL_Driver/Src/stm32f4xx_hal_tim.o
LOAD ./Drivers/STM32F4xx_HAL_Driver/Src/stm32f4xx_hal_tim_ex.o
LOAD ./Drivers/STM32F4xx_HAL_Driver/Src/stm32f4xx_ll_adc.o
LOAD ./Drivers/STM32F4xx_HAL_Driver/Src/stm32f4xx_ll_usb.o
LOAD ./Middlewares/ST/STM32_USB_Device_Library/Class/CDC/Src/usbd_cdc.o
LOAD ./Middlewares/ST/STM32_USB_Device_Library/Core/Src/usbd_core.o
LOAD ./Middlewares/ST/STM32_USB_Device_Library/Core/Src/usbd_ctlreq.o
LOAD ./Middlewares/ST/STM32_USB_Device_Library/Core/Src/usbd_ioreq.o
LOAD ./USB_DEVICE/App/usb_device.o
LOAD ./USB_DEVICE/App/usbd_cdc_if.o
LOAD ./USB_DEVICE/App/usbd_desc.o
LOAD ./USB_DEVICE/Target/usbd_conf.o
START GROUP
LOAD c:/st/stm32cubeide_1.10.1/stm32cubeide/plugins/com.st.stm32cube.ide.mcu.externaltools.gnu-tools-for-stm32.10.3-2021.10.win32_1.0.0.202111181127/tools/bin/../lib/gcc/arm-none-eabi/10.3.1/../../../../arm-none-eabi/lib/thumb/v7e-m+fp/hard\libc_nano.a
LOAD c:/st/stm32cubeide_1.10.1/stm32cubeide/plugins/com.st.stm32cube.ide.mcu.externaltools.gnu-tools-for-stm32.10.3-2021.10.win32_1.0.0.202111181127/tools/bin/../lib/gcc/arm-none-eabi/10.3.1/../../../../arm-none-eabi/lib/thumb/v7e-m+fp/hard\libm.a
END GROUP
START GROUP
LOAD c:/st/stm32cubeide_1.10.1/stm32cubeide/plugins/com.st.stm32cube.ide.mcu.externaltools.gnu-tools-for-stm32.10.3-2021.10.win32_1.0.0.202111181127/tools/bin/../lib/gcc/arm-none-eabi/10.3.1/thumb/v7e-m+fp/hard\libgcc.a
LOAD c:/st/stm32cubeide_1.10.1/stm32cubeide/plugins/com.st.stm32cube.ide.mcu.externaltools.gnu-tools-for-stm32.10.3-2021.10.win32_1.0.0.202111181127/tools/bin/../lib/gcc/arm-none-eabi/10.3.1/../../../../arm-none-eabi/lib/thumb/v7e-m+fp/hard\libc_nano.a
END GROUP
START GROUP
LOAD c:/st/stm32cubeide_1.10.1/stm32cubeide/plugins/com.st.stm32cube.ide.mcu.externaltools.gnu-tools-for-stm32.10.3-2021.10.win32_1.0.0.202111181127/tools/bin/../lib/gcc/arm-none-eabi/10.3.1/thumb/v7e-m+fp/hard\libgcc.a
LOAD c:/st/stm32cubeide_1.10.1/stm32cubeide/plugins/com.st.stm32cube.ide.mcu.externaltools.gnu-tools-for-stm32.10.3-2021.10.win32_1.0.0.202111181127/tools/bin/../lib/gcc/arm-none-eabi/10.3.1/../../../../arm-none-eabi/lib/thumb/v7e-m+fp/hard\libc_nano.a
LOAD c:/st/stm32cubeide_1.10.1/stm32cubeide/plugins/com.st.stm32cube.ide.mcu.externaltools.gnu-tools-for-stm32.10.3-2021.10.win32_1.0.0.202111181127/tools/bin/../lib/gcc/arm-none-eabi/10.3.1/../../../../arm-none-eabi/lib/thumb/v7e-m+fp/hard\libnosys.a
END GROUP
START GROUP
LOAD c:/st/stm32cubeide_1.10.1/stm32cubeide/plugins/com.st.stm32cube.ide.mcu.externaltools.gnu-tools-for-stm32.10.3-2021.10.win32_1.0.0.202111181127/tools/bin/../lib/gcc/arm-none-eabi/10.3.1/thumb/v7e-m+fp/hard\libgcc.a
LOAD c:/st/stm32cubeide_1.10.1/stm32cubeide/plugins/com.st.stm32cube.ide.mcu.externaltools.gnu-tools-for-stm32.10.3-2021.10.win32_1.0.0.202111181127/tools/bin/../lib/gcc/arm-none-eabi/10.3.1/../../../../arm-none-eabi/lib/thumb/v7e-m+fp/hard\libc_nano.a
LOAD c:/st/stm32cubeide_1.10.1/stm32cubeide/plugins/com.st.stm32cube.ide.mcu.externaltools.gnu-tools-for-stm32.10.3-2021.10.win32_1.0.0.202111181127/tools/bin/../lib/gcc/arm-none-eabi/10.3.1/../../../../arm-none-eabi/lib/thumb/v7e-m+fp/hard\libnosys.a
END GROUP
LOAD c:/st/stm32cubeide_1.10.1/stm32cubeide/plugins/com.st.stm32cube.ide.mcu.externaltools.gnu-tools-for-stm32.10.3-2021.10.win32_1.0.0.202111181127/tools/bin/../lib/gcc/arm-none-eabi/10.3.1/thumb/v7e-m+fp/hard/crtend.o
LOAD c:/st/stm32cubeide_1.10.1/stm32cubeide/plugins/com.st.stm32cube.ide.mcu.externaltools.gnu-tools-for-stm32.10.3-2021.10.win32_1.0.0.202111181127/tools/bin/../lib/gcc/arm-none-eabi/10.3.1/thumb/v7e-m+fp/hard/crtn.o
                0x0000000020020000                _estack = (ORIGIN (RAM) + LENGTH (RAM))
                0x0000000000000200                _Min_Heap_Size = 0x200
                0x0000000000000400                _Min_Stack_Size = 0x400

.isr_vector     0x0000000008000000      0x198
                0x0000000008000000                . = ALIGN (0x4)
 *(.isr_vector)
 .isr_vector    0x0000000008000000      0x198 ./Core/Startup/startup_stm32f411ceux.o
                0x0000000008000000                g_pfnVectors
                0x0000000008000198                . = ALIGN (0x4)

.text           0x0000000008000198     0x9abc
                0x0000000008000198                . = ALIGN (0x4)
 *(.text)
 .text          0x0000000008000198       0x40 c:/st/stm32cubeide_1.10.1/stm32cubeide/plugins/com.st.stm32cube.ide.mcu.externaltools.gnu-tools-for-stm32.10.3-2021.10.win32_1.0.0.202111181127/tools/bin/../lib/gcc/arm-none-eabi/10.3.1/thumb/v7e-m+fp/hard/crtbegin.o
 .text          0x00000000080001d8       0x30 c:/st/stm32cubeide_1.10.1/stm32cubeide/plugins/com.st.stm32cube.ide.mcu.externaltools.gnu-tools-for-stm32.10.3-2021.10.win32_1.0.0.202111181127/tools/bin/../lib/gcc/arm-none-eabi/10.3.1/thumb/v7e-m+fp/hard\libgcc.a(_aeabi_uldivmod.o)
                0x00000000080001d8                __aeabi_uldivmod
 .text          0x0000000008000208      0x2d0 c:/st/stm32cubeide_1.10.1/stm32cubeide/plugins/com.st.stm32cube.ide.mcu.externaltools.gnu-tools-for-stm32.10.3-2021.10.win32_1.0.0.202111181127/tools/bin/../lib/gcc/arm-none-eabi/10.3.1/thumb/v7e-m+fp/hard\libgcc.a(_udivmoddi4.o)
                0x0000000008000208                __udivmoddi4
 .text          0x00000000080004d8        0x4 c:/st/stm32cubeide_1.10.1/stm32cubeide/plugins/com.st.stm32cube.ide.mcu.externaltools.gnu-tools-for-stm32.10.3-2021.10.win32_1.0.0.202111181127/tools/bin/../lib/gcc/arm-none-eabi/10.3.1/thumb/v7e-m+fp/hard\libgcc.a(_dvmd_tls.o)
                0x00000000080004d8                __aeabi_idiv0
                0x00000000080004d8                __aeabi_ldiv0
 *(.text*)
 .text.main     0x00000000080004dc       0xb4 ./Core/Src/main.o
                0x00000000080004dc                main
 .text.SystemClock_Config
                0x0000000008000590       0xd0 ./Core/Src/main.o
                0x0000000008000590                SystemClock_Config
 .text.MX_ADC1_Init
                0x0000000008000660       0xa4 ./Core/Src/main.o
 .text.MX_TIM2_Init
                0x0000000008000704      0x174 ./Core/Src/main.o
 .text.MX_TIM3_Init
                0x0000000008000878      0x174 ./Core/Src/main.o
 .text.MX_TIM4_Init
                0x00000000080009ec      0x174 ./Core/Src/main.o
 .text.MX_TIM5_Init
                0x0000000008000b60       0xa8 ./Core/Src/main.o
 .text.MX_TIM10_Init
                0x0000000008000c08       0x48 ./Core/Src/main.o
 .text.MX_GPIO_Init
                0x0000000008000c50       0xf0 ./Core/Src/main.o
 .text.HAL_TIM_OC_DelayElapsedCallback
                0x0000000008000d40      0x104 ./Core/Src/main.o
                0x0000000008000d40                HAL_TIM_OC_DelayElapsedCallback
 .text.HAL_TIM_IC_CaptureCallback
                0x0000000008000e44       0xe0 ./Core/Src/main.o
                0x0000000008000e44                HAL_TIM_IC_CaptureCallback
 .text.set_alpha
                0x0000000008000f24       0xc4 ./Core/Src/main.o
                0x0000000008000f24                set_alpha
 .text.HAL_GPIO_EXTI_Callback
                0x0000000008000fe8       0x44 ./Core/Src/main.o
                0x0000000008000fe8                HAL_GPIO_EXTI_Callback
 .text.HAL_TIM_PeriodElapsedCallback
                0x000000000800102c       0x54 ./Core/Src/main.o
                0x000000000800102c                HAL_TIM_PeriodElapsedCallback
 .text.Error_Handler
                0x0000000008001080        0xa ./Core/Src/main.o
                0x0000000008001080                Error_Handler
 *fill*         0x000000000800108a        0x2 
 .text.HAL_MspInit
                0x000000000800108c       0x50 ./Core/Src/stm32f4xx_hal_msp.o
                0x000000000800108c                HAL_MspInit
 .text.HAL_ADC_MspInit
                0x00000000080010dc       0x88 ./Core/Src/stm32f4xx_hal_msp.o
                0x00000000080010dc                HAL_ADC_MspInit
 .text.HAL_TIM_Base_MspInit
                0x0000000008001164      0x1cc ./Core/Src/stm32f4xx_hal_msp.o
                0x0000000008001164                HAL_TIM_Base_MspInit
 .text.HAL_TIM_Encoder_MspInit
                0x0000000008001330       0xa0 ./Core/Src/stm32f4xx_hal_msp.o
                0x0000000008001330                HAL_TIM_Encoder_MspInit
 .text.HAL_TIM_MspPostInit
                0x00000000080013d0      0x10c ./Core/Src/stm32f4xx_hal_msp.o
                0x00000000080013d0                HAL_TIM_MspPostInit
 .text.NMI_Handler
                0x00000000080014dc        0x6 ./Core/Src/stm32f4xx_it.o
                0x00000000080014dc                NMI_Handler
 .text.HardFault_Handler
                0x00000000080014e2        0x6 ./Core/Src/stm32f4xx_it.o
                0x00000000080014e2                HardFault_Handler
 .text.MemManage_Handler
                0x00000000080014e8        0x6 ./Core/Src/stm32f4xx_it.o
                0x00000000080014e8                MemManage_Handler
 .text.BusFault_Handler
                0x00000000080014ee        0x6 ./Core/Src/stm32f4xx_it.o
                0x00000000080014ee                BusFault_Handler
 .text.UsageFault_Handler
                0x00000000080014f4        0x6 ./Core/Src/stm32f4xx_it.o
                0x00000000080014f4                UsageFault_Handler
 .text.SVC_Handler
                0x00000000080014fa        0xe ./Core/Src/stm32f4xx_it.o
                0x00000000080014fa                SVC_Handler
 .text.DebugMon_Handler
                0x0000000008001508        0xe ./Core/Src/stm32f4xx_it.o
                0x0000000008001508                DebugMon_Handler
 .text.PendSV_Handler
                0x0000000008001516        0xe ./Core/Src/stm32f4xx_it.o
                0x0000000008001516                PendSV_Handler
 .text.SysTick_Handler
                0x0000000008001524        0xc ./Core/Src/stm32f4xx_it.o
                0x0000000008001524                SysTick_Handler
 .text.TIM1_UP_TIM10_IRQHandler
                0x0000000008001530       0x14 ./Core/Src/stm32f4xx_it.o
                0x0000000008001530                TIM1_UP_TIM10_IRQHandler
 .text.TIM2_IRQHandler
                0x0000000008001544       0x14 ./Core/Src/stm32f4xx_it.o
                0x0000000008001544                TIM2_IRQHandler
 .text.TIM3_IRQHandler
                0x0000000008001558       0x14 ./Core/Src/stm32f4xx_it.o
                0x0000000008001558                TIM3_IRQHandler
 .text.TIM4_IRQHandler
                0x000000000800156c       0x14 ./Core/Src/stm32f4xx_it.o
                0x000000000800156c                TIM4_IRQHandler
 .text.EXTI15_10_IRQHandler
                0x0000000008001580       0x18 ./Core/Src/stm32f4xx_it.o
                0x0000000008001580                EXTI15_10_IRQHandler
 .text.TIM5_IRQHandler
                0x0000000008001598       0x14 ./Core/Src/stm32f4xx_it.o
                0x0000000008001598                TIM5_IRQHandler
 .text.OTG_FS_IRQHandler
                0x00000000080015ac       0x14 ./Core/Src/stm32f4xx_it.o
                0x00000000080015ac                OTG_FS_IRQHandler
 .text.SystemInit
                0x00000000080015c0       0x24 ./Core/Src/system_stm32f4xx.o
                0x00000000080015c0                SystemInit
 .text.Reset_Handler
                0x00000000080015e4       0x50 ./Core/Startup/startup_stm32f411ceux.o
                0x00000000080015e4                Reset_Handler
 .text.Default_Handler
                0x0000000008001634        0x2 ./Core/Startup/startup_stm32f411ceux.o
                0x0000000008001634                RTC_Alarm_IRQHandler
                0x0000000008001634                EXTI2_IRQHandler
                0x0000000008001634                SPI4_IRQHandler
                0x0000000008001634                TIM1_CC_IRQHandler
                0x0000000008001634                DMA2_Stream5_IRQHandler
                0x0000000008001634                DMA1_Stream5_IRQHandler
                0x0000000008001634                PVD_IRQHandler
                0x0000000008001634                SDIO_IRQHandler
                0x0000000008001634                TAMP_STAMP_IRQHandler
                0x0000000008001634                EXTI3_IRQHandler
                0x0000000008001634                I2C3_ER_IRQHandler
                0x0000000008001634                EXTI0_IRQHandler
                0x0000000008001634                I2C2_EV_IRQHandler
                0x0000000008001634                DMA1_Stream2_IRQHandler
                0x0000000008001634                FPU_IRQHandler
                0x0000000008001634                DMA2_Stream2_IRQHandler
                0x0000000008001634                SPI1_IRQHandler
                0x0000000008001634                TIM1_BRK_TIM9_IRQHandler
                0x0000000008001634                DMA2_Stream3_IRQHandler
                0x0000000008001634                USART6_IRQHandler
                0x0000000008001634                DMA2_Stream0_IRQHandler
                0x0000000008001634                I2C1_EV_IRQHandler
                0x0000000008001634                DMA1_Stream6_IRQHandler
                0x0000000008001634                DMA1_Stream1_IRQHandler
                0x0000000008001634                RCC_IRQHandler
                0x0000000008001634                Default_Handler
                0x0000000008001634                ADC_IRQHandler
                0x0000000008001634                DMA1_Stream7_IRQHandler
                0x0000000008001634                SPI5_IRQHandler
                0x0000000008001634                DMA2_Stream7_IRQHandler
                0x0000000008001634                I2C3_EV_IRQHandler
                0x0000000008001634                EXTI9_5_IRQHandler
                0x0000000008001634                RTC_WKUP_IRQHandler
                0x0000000008001634                SPI2_IRQHandler
                0x0000000008001634                DMA1_Stream0_IRQHandler
                0x0000000008001634                EXTI4_IRQHandler
                0x0000000008001634                WWDG_IRQHandler
                0x0000000008001634                OTG_FS_WKUP_IRQHandler
                0x0000000008001634                TIM1_TRG_COM_TIM11_IRQHandler
                0x0000000008001634                EXTI1_IRQHandler
                0x0000000008001634                USART2_IRQHandler
                0x0000000008001634                I2C2_ER_IRQHandler
                0x0000000008001634                DMA2_Stream1_IRQHandler
                0x0000000008001634                FLASH_IRQHandler
                0x0000000008001634                DMA2_Stream4_IRQHandler
                0x0000000008001634                USART1_IRQHandler
                0x0000000008001634                SPI3_IRQHandler
                0x0000000008001634                DMA1_Stream4_IRQHandler
                0x0000000008001634                I2C1_ER_IRQHandler
                0x0000000008001634                DMA2_Stream6_IRQHandler
                0x0000000008001634                DMA1_Stream3_IRQHandler
 *fill*         0x0000000008001636        0x2 
 .text.HAL_Init
                0x0000000008001638       0x44 ./Drivers/STM32F4xx_HAL_Driver/Src/stm32f4xx_hal.o
                0x0000000008001638                HAL_Init
 .text.HAL_InitTick
                0x000000000800167c       0x60 ./Drivers/STM32F4xx_HAL_Driver/Src/stm32f4xx_hal.o
                0x000000000800167c                HAL_InitTick
 .text.HAL_IncTick
                0x00000000080016dc       0x28 ./Drivers/STM32F4xx_HAL_Driver/Src/stm32f4xx_hal.o
                0x00000000080016dc                HAL_IncTick
 .text.HAL_GetTick
                0x0000000008001704       0x18 ./Drivers/STM32F4xx_HAL_Driver/Src/stm32f4xx_hal.o
                0x0000000008001704                HAL_GetTick
 .text.HAL_Delay
                0x000000000800171c       0x48 ./Drivers/STM32F4xx_HAL_Driver/Src/stm32f4xx_hal.o
                0x000000000800171c                HAL_Delay
 .text.HAL_ADC_Init
                0x0000000008001764       0x86 ./Drivers/STM32F4xx_HAL_Driver/Src/stm32f4xx_hal_adc.o
                0x0000000008001764                HAL_ADC_Init
 *fill*         0x00000000080017ea        0x2 
 .text.HAL_ADC_ConfigChannel
                0x00000000080017ec      0x264 ./Drivers/STM32F4xx_HAL_Driver/Src/stm32f4xx_hal_adc.o
                0x00000000080017ec                HAL_ADC_ConfigChannel
 .text.ADC_Init
                0x0000000008001a50      0x1f8 ./Drivers/STM32F4xx_HAL_Driver/Src/stm32f4xx_hal_adc.o
 .text.__NVIC_SetPriorityGrouping
                0x0000000008001c48       0x48 ./Drivers/STM32F4xx_HAL_Driver/Src/stm32f4xx_hal_cortex.o
 .text.__NVIC_GetPriorityGrouping
                0x0000000008001c90       0x1c ./Drivers/STM32F4xx_HAL_Driver/Src/stm32f4xx_hal_cortex.o
 .text.__NVIC_EnableIRQ
                0x0000000008001cac       0x3c ./Drivers/STM32F4xx_HAL_Driver/Src/stm32f4xx_hal_cortex.o
 .text.__NVIC_SetPriority
                0x0000000008001ce8       0x54 ./Drivers/STM32F4xx_HAL_Driver/Src/stm32f4xx_hal_cortex.o
 .text.NVIC_EncodePriority
                0x0000000008001d3c       0x66 ./Drivers/STM32F4xx_HAL_Driver/Src/stm32f4xx_hal_cortex.o
 *fill*         0x0000000008001da2        0x2 
 .text.SysTick_Config
                0x0000000008001da4       0x44 ./Drivers/STM32F4xx_HAL_Driver/Src/stm32f4xx_hal_cortex.o
 .text.HAL_NVIC_SetPriorityGrouping
                0x0000000008001de8       0x16 ./Drivers/STM32F4xx_HAL_Driver/Src/stm32f4xx_hal_cortex.o
                0x0000000008001de8                HAL_NVIC_SetPriorityGrouping
 .text.HAL_NVIC_SetPriority
                0x0000000008001dfe       0x38 ./Drivers/STM32F4xx_HAL_Driver/Src/stm32f4xx_hal_cortex.o
                0x0000000008001dfe                HAL_NVIC_SetPriority
 .text.HAL_NVIC_EnableIRQ
                0x0000000008001e36       0x1c ./Drivers/STM32F4xx_HAL_Driver/Src/stm32f4xx_hal_cortex.o
                0x0000000008001e36                HAL_NVIC_EnableIRQ
 .text.HAL_SYSTICK_Config
                0x0000000008001e52       0x18 ./Drivers/STM32F4xx_HAL_Driver/Src/stm32f4xx_hal_cortex.o
                0x0000000008001e52                HAL_SYSTICK_Config
 *fill*         0x0000000008001e6a        0x2 
 .text.HAL_GPIO_Init
                0x0000000008001e6c      0x308 ./Drivers/STM32F4xx_HAL_Driver/Src/stm32f4xx_hal_gpio.o
                0x0000000008001e6c                HAL_GPIO_Init
 .text.HAL_GPIO_ReadPin
                0x0000000008002174       0x30 ./Drivers/STM32F4xx_HAL_Driver/Src/stm32f4xx_hal_gpio.o
                0x0000000008002174                HAL_GPIO_ReadPin
 .text.HAL_GPIO_WritePin
                0x00000000080021a4       0x32 ./Drivers/STM32F4xx_HAL_Driver/Src/stm32f4xx_hal_gpio.o
                0x00000000080021a4                HAL_GPIO_WritePin
 .text.HAL_GPIO_TogglePin
                0x00000000080021d6       0x34 ./Drivers/STM32F4xx_HAL_Driver/Src/stm32f4xx_hal_gpio.o
                0x00000000080021d6                HAL_GPIO_TogglePin
 *fill*         0x000000000800220a        0x2 
 .text.HAL_GPIO_EXTI_IRQHandler
                0x000000000800220c       0x30 ./Drivers/STM32F4xx_HAL_Driver/Src/stm32f4xx_hal_gpio.o
                0x000000000800220c                HAL_GPIO_EXTI_IRQHandler
 .text.HAL_PCD_Init
                0x000000000800223c      0x23a ./Drivers/STM32F4xx_HAL_Driver/Src/stm32f4xx_hal_pcd.o
                0x000000000800223c                HAL_PCD_Init
 .text.HAL_PCD_Start
                0x0000000008002476       0x66 ./Drivers/STM32F4xx_HAL_Driver/Src/stm32f4xx_hal_pcd.o
                0x0000000008002476                HAL_PCD_Start
 .text.HAL_PCD_IRQHandler
                0x00000000080024dc      0x93e ./Drivers/STM32F4xx_HAL_Driver/Src/stm32f4xx_hal_pcd.o
                0x00000000080024dc                HAL_PCD_IRQHandler
 .text.HAL_PCD_SetAddress
                0x0000000008002e1a       0x4a ./Drivers/STM32F4xx_HAL_Driver/Src/stm32f4xx_hal_pcd.o
                0x0000000008002e1a                HAL_PCD_SetAddress
 .text.HAL_PCD_EP_Open
                0x0000000008002e64       0xd0 ./Drivers/STM32F4xx_HAL_Driver/Src/stm32f4xx_hal_pcd.o
                0x0000000008002e64                HAL_PCD_EP_Open
 .text.HAL_PCD_EP_Close
                0x0000000008002f34       0x94 ./Drivers/STM32F4xx_HAL_Driver/Src/stm32f4xx_hal_pcd.o
                0x0000000008002f34                HAL_PCD_EP_Close
 .text.HAL_PCD_EP_Receive
                0x0000000008002fc8       0x96 ./Drivers/STM32F4xx_HAL_Driver/Src/stm32f4xx_hal_pcd.o
                0x0000000008002fc8                HAL_PCD_EP_Receive
 .text.HAL_PCD_EP_GetRxCount
                0x000000000800305e       0x30 ./Drivers/STM32F4xx_HAL_Driver/Src/stm32f4xx_hal_pcd.o
                0x000000000800305e                HAL_PCD_EP_GetRxCount
 .text.HAL_PCD_EP_Transmit
                0x000000000800308e       0x94 ./Drivers/STM32F4xx_HAL_Driver/Src/stm32f4xx_hal_pcd.o
                0x000000000800308e                HAL_PCD_EP_Transmit
 .text.HAL_PCD_EP_SetStall
                0x0000000008003122       0xc8 ./Drivers/STM32F4xx_HAL_Driver/Src/stm32f4xx_hal_pcd.o
                0x0000000008003122                HAL_PCD_EP_SetStall
 .text.HAL_PCD_EP_ClrStall
                0x00000000080031ea       0xac ./Drivers/STM32F4xx_HAL_Driver/Src/stm32f4xx_hal_pcd.o
                0x00000000080031ea                HAL_PCD_EP_ClrStall
 .text.HAL_PCD_EP_Abort
                0x0000000008003296       0x62 ./Drivers/STM32F4xx_HAL_Driver/Src/stm32f4xx_hal_pcd.o
                0x0000000008003296                HAL_PCD_EP_Abort
 .text.PCD_WriteEmptyTxFifo
                0x00000000080032f8      0x11a ./Drivers/STM32F4xx_HAL_Driver/Src/stm32f4xx_hal_pcd.o
 *fill*         0x0000000008003412        0x2 
 .text.PCD_EP_OutXfrComplete_int
                0x0000000008003414      0x1d0 ./Drivers/STM32F4xx_HAL_Driver/Src/stm32f4xx_hal_pcd.o
 .text.PCD_EP_OutSetupPacket_int
                0x00000000080035e4       0x8c ./Drivers/STM32F4xx_HAL_Driver/Src/stm32f4xx_hal_pcd.o
 .text.HAL_PCDEx_SetTxFiFo
                0x0000000008003670       0x8e ./Drivers/STM32F4xx_HAL_Driver/Src/stm32f4xx_hal_pcd_ex.o
                0x0000000008003670                HAL_PCDEx_SetTxFiFo
 .text.HAL_PCDEx_SetRxFiFo
                0x00000000080036fe       0x22 ./Drivers/STM32F4xx_HAL_Driver/Src/stm32f4xx_hal_pcd_ex.o
                0x00000000080036fe                HAL_PCDEx_SetRxFiFo
 .text.HAL_PCDEx_LPM_Callback
                0x0000000008003720       0x18 ./Drivers/STM32F4xx_HAL_Driver/Src/stm32f4xx_hal_pcd_ex.o
                0x0000000008003720                HAL_PCDEx_LPM_Callback
 .text.HAL_RCC_OscConfig
                0x0000000008003738      0x4f0 ./Drivers/STM32F4xx_HAL_Driver/Src/stm32f4xx_hal_rcc.o
                0x0000000008003738                HAL_RCC_OscConfig
 .text.HAL_RCC_ClockConfig
                0x0000000008003c28      0x1cc ./Drivers/STM32F4xx_HAL_Driver/Src/stm32f4xx_hal_rcc.o
                0x0000000008003c28                HAL_RCC_ClockConfig
 .text.HAL_RCC_GetSysClockFreq
                0x0000000008003df4      0x18c ./Drivers/STM32F4xx_HAL_Driver/Src/stm32f4xx_hal_rcc.o
                0x0000000008003df4                HAL_RCC_GetSysClockFreq
 .text.HAL_RCC_GetHCLKFreq
                0x0000000008003f80       0x18 ./Drivers/STM32F4xx_HAL_Driver/Src/stm32f4xx_hal_rcc.o
                0x0000000008003f80                HAL_RCC_GetHCLKFreq
 .text.HAL_TIM_Base_Init
                0x0000000008003f98       0x9e ./Drivers/STM32F4xx_HAL_Driver/Src/stm32f4xx_hal_tim.o
                0x0000000008003f98                HAL_TIM_Base_Init
 *fill*         0x0000000008004036        0x2 
 .text.HAL_TIM_Base_Start
                0x0000000008004038       0xb4 ./Drivers/STM32F4xx_HAL_Driver/Src/stm32f4xx_hal_tim.o
                0x0000000008004038                HAL_TIM_Base_Start
 .text.HAL_TIM_Base_Start_IT
                0x00000000080040ec       0xc4 ./Drivers/STM32F4xx_HAL_Driver/Src/stm32f4xx_hal_tim.o
                0x00000000080040ec                HAL_TIM_Base_Start_IT
 .text.HAL_TIM_Base_Stop_IT
                0x00000000080041b0       0x5e ./Drivers/STM32F4xx_HAL_Driver/Src/stm32f4xx_hal_tim.o
                0x00000000080041b0                HAL_TIM_Base_Stop_IT
 .text.HAL_TIM_OC_Init
                0x000000000800420e       0x9e ./Drivers/STM32F4xx_HAL_Driver/Src/stm32f4xx_hal_tim.o
                0x000000000800420e                HAL_TIM_OC_Init
 .text.HAL_TIM_OC_MspInit
                0x00000000080042ac       0x14 ./Drivers/STM32F4xx_HAL_Driver/Src/stm32f4xx_hal_tim.o
                0x00000000080042ac                HAL_TIM_OC_MspInit
 .text.HAL_TIM_OC_Start_IT
                0x00000000080042c0      0x1fc ./Drivers/STM32F4xx_HAL_Driver/Src/stm32f4xx_hal_tim.o
                0x00000000080042c0                HAL_TIM_OC_Start_IT
 .text.HAL_TIM_OC_Stop_IT
                0x00000000080044bc      0x164 ./Drivers/STM32F4xx_HAL_Driver/Src/stm32f4xx_hal_tim.o
                0x00000000080044bc                HAL_TIM_OC_Stop_IT
 .text.HAL_TIM_PWM_Init
                0x0000000008004620       0x9e ./Drivers/STM32F4xx_HAL_Driver/Src/stm32f4xx_hal_tim.o
                0x0000000008004620                HAL_TIM_PWM_Init
 .text.HAL_TIM_PWM_MspInit
                0x00000000080046be       0x14 ./Drivers/STM32F4xx_HAL_Driver/Src/stm32f4xx_hal_tim.o
                0x00000000080046be                HAL_TIM_PWM_MspInit
 .text.HAL_TIM_OnePulse_Init
                0x00000000080046d2       0xa0 ./Drivers/STM32F4xx_HAL_Driver/Src/stm32f4xx_hal_tim.o
                0x00000000080046d2                HAL_TIM_OnePulse_Init
 .text.HAL_TIM_OnePulse_MspInit
                0x0000000008004772       0x14 ./Drivers/STM32F4xx_HAL_Driver/Src/stm32f4xx_hal_tim.o
                0x0000000008004772                HAL_TIM_OnePulse_MspInit
 *fill*         0x0000000008004786        0x2 
 .text.HAL_TIM_OnePulse_Start_IT
                0x0000000008004788       0xcc ./Drivers/STM32F4xx_HAL_Driver/Src/stm32f4xx_hal_tim.o
                0x0000000008004788                HAL_TIM_OnePulse_Start_IT
 .text.HAL_TIM_Encoder_Init
                0x0000000008004854      0x14c ./Drivers/STM32F4xx_HAL_Driver/Src/stm32f4xx_hal_tim.o
                0x0000000008004854                HAL_TIM_Encoder_Init
 .text.HAL_TIM_Encoder_Start_IT
                0x00000000080049a0      0x15c ./Drivers/STM32F4xx_HAL_Driver/Src/stm32f4xx_hal_tim.o
                0x00000000080049a0                HAL_TIM_Encoder_Start_IT
 .text.HAL_TIM_IRQHandler
                0x0000000008004afc      0x210 ./Drivers/STM32F4xx_HAL_Driver/Src/stm32f4xx_hal_tim.o
                0x0000000008004afc                HAL_TIM_IRQHandler
 .text.HAL_TIM_OC_ConfigChannel
                0x0000000008004d0c       0xb8 ./Drivers/STM32F4xx_HAL_Driver/Src/stm32f4xx_hal_tim.o
                0x0000000008004d0c                HAL_TIM_OC_ConfigChannel
 .text.HAL_TIM_PWM_ConfigChannel
                0x0000000008004dc4      0x184 ./Drivers/STM32F4xx_HAL_Driver/Src/stm32f4xx_hal_tim.o
                0x0000000008004dc4                HAL_TIM_PWM_ConfigChannel
 .text.HAL_TIM_OnePulse_ConfigChannel
                0x0000000008004f48      0x1a6 ./Drivers/STM32F4xx_HAL_Driver/Src/stm32f4xx_hal_tim.o
                0x0000000008004f48                HAL_TIM_OnePulse_ConfigChannel
 .text.HAL_TIM_SlaveConfigSynchro
                0x00000000080050ee       0x84 ./Drivers/STM32F4xx_HAL_Driver/Src/stm32f4xx_hal_tim.o
                0x00000000080050ee                HAL_TIM_SlaveConfigSynchro
 .text.HAL_TIM_PWM_PulseFinishedCallback
                0x0000000008005172       0x14 ./Drivers/STM32F4xx_HAL_Driver/Src/stm32f4xx_hal_tim.o
                0x0000000008005172                HAL_TIM_PWM_PulseFinishedCallback
 .text.HAL_TIM_TriggerCallback
                0x0000000008005186       0x14 ./Drivers/STM32F4xx_HAL_Driver/Src/stm32f4xx_hal_tim.o
                0x0000000008005186                HAL_TIM_TriggerCallback
 *fill*         0x000000000800519a        0x2 
 .text.TIM_Base_SetConfig
                0x000000000800519c      0x100 ./Drivers/STM32F4xx_HAL_Driver/Src/stm32f4xx_hal_tim.o
                0x000000000800519c                TIM_Base_SetConfig
 .text.TIM_OC1_SetConfig
                0x000000000800529c       0xcc ./Drivers/STM32F4xx_HAL_Driver/Src/stm32f4xx_hal_tim.o
 .text.TIM_OC2_SetConfig
                0x0000000008005368       0xd8 ./Drivers/STM32F4xx_HAL_Driver/Src/stm32f4xx_hal_tim.o
                0x0000000008005368                TIM_OC2_SetConfig
 .text.TIM_OC3_SetConfig
                0x0000000008005440       0xd4 ./Drivers/STM32F4xx_HAL_Driver/Src/stm32f4xx_hal_tim.o
 .text.TIM_OC4_SetConfig
                0x0000000008005514       0xa0 ./Drivers/STM32F4xx_HAL_Driver/Src/stm32f4xx_hal_tim.o
 .text.TIM_SlaveTimer_SetConfig
                0x00000000080055b4      0x122 ./Drivers/STM32F4xx_HAL_Driver/Src/stm32f4xx_hal_tim.o
 *fill*         0x00000000080056d6        0x2 
 .text.TIM_TI1_SetConfig
                0x00000000080056d8       0xd0 ./Drivers/STM32F4xx_HAL_Driver/Src/stm32f4xx_hal_tim.o
                0x00000000080056d8                TIM_TI1_SetConfig
 .text.TIM_TI1_ConfigInputStage
                0x00000000080057a8       0x5e ./Drivers/STM32F4xx_HAL_Driver/Src/stm32f4xx_hal_tim.o
 .text.TIM_TI2_SetConfig
                0x0000000008005806       0x7a ./Drivers/STM32F4xx_HAL_Driver/Src/stm32f4xx_hal_tim.o
 .text.TIM_TI2_ConfigInputStage
                0x0000000008005880       0x60 ./Drivers/STM32F4xx_HAL_Driver/Src/stm32f4xx_hal_tim.o
 .text.TIM_ETR_SetConfig
                0x00000000080058e0       0x40 ./Drivers/STM32F4xx_HAL_Driver/Src/stm32f4xx_hal_tim.o
                0x00000000080058e0                TIM_ETR_SetConfig
 .text.TIM_CCxChannelCmd
                0x0000000008005920       0x4a ./Drivers/STM32F4xx_HAL_Driver/Src/stm32f4xx_hal_tim.o
                0x0000000008005920                TIM_CCxChannelCmd
 *fill*         0x000000000800596a        0x2 
 .text.HAL_TIMEx_MasterConfigSynchronization
                0x000000000800596c       0xdc ./Drivers/STM32F4xx_HAL_Driver/Src/stm32f4xx_hal_tim_ex.o
                0x000000000800596c                HAL_TIMEx_MasterConfigSynchronization
 .text.HAL_TIMEx_CommutCallback
                0x0000000008005a48       0x14 ./Drivers/STM32F4xx_HAL_Driver/Src/stm32f4xx_hal_tim_ex.o
                0x0000000008005a48                HAL_TIMEx_CommutCallback
 .text.HAL_TIMEx_BreakCallback
                0x0000000008005a5c       0x14 ./Drivers/STM32F4xx_HAL_Driver/Src/stm32f4xx_hal_tim_ex.o
                0x0000000008005a5c                HAL_TIMEx_BreakCallback
 .text.USB_CoreInit
                0x0000000008005a70       0xc2 ./Drivers/STM32F4xx_HAL_Driver/Src/stm32f4xx_ll_usb.o
                0x0000000008005a70                USB_CoreInit
 *fill*         0x0000000008005b32        0x2 
 .text.USB_SetTurnaroundTime
                0x0000000008005b34      0x144 ./Drivers/STM32F4xx_HAL_Driver/Src/stm32f4xx_ll_usb.o
                0x0000000008005b34                USB_SetTurnaroundTime
 .text.USB_EnableGlobalInt
                0x0000000008005c78       0x22 ./Drivers/STM32F4xx_HAL_Driver/Src/stm32f4xx_ll_usb.o
                0x0000000008005c78                USB_EnableGlobalInt
 .text.USB_DisableGlobalInt
                0x0000000008005c9a       0x22 ./Drivers/STM32F4xx_HAL_Driver/Src/stm32f4xx_ll_usb.o
                0x0000000008005c9a                USB_DisableGlobalInt
 .text.USB_SetCurrentMode
                0x0000000008005cbc       0x98 ./Drivers/STM32F4xx_HAL_Driver/Src/stm32f4xx_ll_usb.o
                0x0000000008005cbc                USB_SetCurrentMode
 .text.USB_DevInit
                0x0000000008005d54      0x2c8 ./Drivers/STM32F4xx_HAL_Driver/Src/stm32f4xx_ll_usb.o
                0x0000000008005d54                USB_DevInit
 .text.USB_FlushTxFifo
                0x000000000800601c       0x68 ./Drivers/STM32F4xx_HAL_Driver/Src/stm32f4xx_ll_usb.o
                0x000000000800601c                USB_FlushTxFifo
 .text.USB_FlushRxFifo
                0x0000000008006084       0x60 ./Drivers/STM32F4xx_HAL_Driver/Src/stm32f4xx_ll_usb.o
                0x0000000008006084                USB_FlushRxFifo
 .text.USB_SetDevSpeed
                0x00000000080060e4       0x32 ./Drivers/STM32F4xx_HAL_Driver/Src/stm32f4xx_ll_usb.o
                0x00000000080060e4                USB_SetDevSpeed
 .text.USB_GetDevSpeed
                0x0000000008006116       0x4a ./Drivers/STM32F4xx_HAL_Driver/Src/stm32f4xx_ll_usb.o
                0x0000000008006116                USB_GetDevSpeed
 .text.USB_ActivateEndpoint
                0x0000000008006160      0x10e ./Drivers/STM32F4xx_HAL_Driver/Src/stm32f4xx_ll_usb.o
                0x0000000008006160                USB_ActivateEndpoint
 *fill*         0x000000000800626e        0x2 
 .text.USB_DeactivateEndpoint
                0x0000000008006270      0x1b8 ./Drivers/STM32F4xx_HAL_Driver/Src/stm32f4xx_ll_usb.o
                0x0000000008006270                USB_DeactivateEndpoint
 .text.USB_EPStartXfer
                0x0000000008006428      0x490 ./Drivers/STM32F4xx_HAL_Driver/Src/stm32f4xx_ll_usb.o
                0x0000000008006428                USB_EPStartXfer
 .text.USB_EP0StartXfer
                0x00000000080068b8      0x2b0 ./Drivers/STM32F4xx_HAL_Driver/Src/stm32f4xx_ll_usb.o
                0x00000000080068b8                USB_EP0StartXfer
 .text.USB_EPStopXfer
                0x0000000008006b68      0x154 ./Drivers/STM32F4xx_HAL_Driver/Src/stm32f4xx_ll_usb.o
                0x0000000008006b68                USB_EPStopXfer
 .text.USB_WritePacket
                0x0000000008006cbc       0x7c ./Drivers/STM32F4xx_HAL_Driver/Src/stm32f4xx_ll_usb.o
                0x0000000008006cbc                USB_WritePacket
 .text.USB_ReadPacket
                0x0000000008006d38       0xb0 ./Drivers/STM32F4xx_HAL_Driver/Src/stm32f4xx_ll_usb.o
                0x0000000008006d38                USB_ReadPacket
 .text.USB_EPSetStall
                0x0000000008006de8       0xdc ./Drivers/STM32F4xx_HAL_Driver/Src/stm32f4xx_ll_usb.o
                0x0000000008006de8                USB_EPSetStall
 .text.USB_EPClearStall
                0x0000000008006ec4       0xcc ./Drivers/STM32F4xx_HAL_Driver/Src/stm32f4xx_ll_usb.o
                0x0000000008006ec4                USB_EPClearStall
 .text.USB_SetDevAddress
                0x0000000008006f90       0x4c ./Drivers/STM32F4xx_HAL_Driver/Src/stm32f4xx_ll_usb.o
                0x0000000008006f90                USB_SetDevAddress
 .text.USB_DevConnect
                0x0000000008006fdc       0x42 ./Drivers/STM32F4xx_HAL_Driver/Src/stm32f4xx_ll_usb.o
                0x0000000008006fdc                USB_DevConnect
 .text.USB_DevDisconnect
                0x000000000800701e       0x42 ./Drivers/STM32F4xx_HAL_Driver/Src/stm32f4xx_ll_usb.o
                0x000000000800701e                USB_DevDisconnect
 .text.USB_ReadInterrupts
                0x0000000008007060       0x26 ./Drivers/STM32F4xx_HAL_Driver/Src/stm32f4xx_ll_usb.o
                0x0000000008007060                USB_ReadInterrupts
 .text.USB_ReadDevAllOutEpInterrupt
                0x0000000008007086       0x34 ./Drivers/STM32F4xx_HAL_Driver/Src/stm32f4xx_ll_usb.o
                0x0000000008007086                USB_ReadDevAllOutEpInterrupt
 .text.USB_ReadDevAllInEpInterrupt
                0x00000000080070ba       0x34 ./Drivers/STM32F4xx_HAL_Driver/Src/stm32f4xx_ll_usb.o
                0x00000000080070ba                USB_ReadDevAllInEpInterrupt
 .text.USB_ReadDevOutEPInterrupt
                0x00000000080070ee       0x3c ./Drivers/STM32F4xx_HAL_Driver/Src/stm32f4xx_ll_usb.o
                0x00000000080070ee                USB_ReadDevOutEPInterrupt
 .text.USB_ReadDevInEPInterrupt
                0x000000000800712a       0x5c ./Drivers/STM32F4xx_HAL_Driver/Src/stm32f4xx_ll_usb.o
                0x000000000800712a                USB_ReadDevInEPInterrupt
 .text.USB_GetMode
                0x0000000008007186       0x1c ./Drivers/STM32F4xx_HAL_Driver/Src/stm32f4xx_ll_usb.o
                0x0000000008007186                USB_GetMode
 .text.USB_ActivateSetup
                0x00000000080071a2       0x46 ./Drivers/STM32F4xx_HAL_Driver/Src/stm32f4xx_ll_usb.o
                0x00000000080071a2                USB_ActivateSetup
 .text.USB_EP0_OutStart
                0x00000000080071e8       0xbc ./Drivers/STM32F4xx_HAL_Driver/Src/stm32f4xx_ll_usb.o
                0x00000000080071e8                USB_EP0_OutStart
 .text.USB_CoreReset
                0x00000000080072a4       0x68 ./Drivers/STM32F4xx_HAL_Driver/Src/stm32f4xx_ll_usb.o
 .text.USBD_CDC_Init
                0x000000000800730c      0x1f0 ./Middlewares/ST/STM32_USB_Device_Library/Class/CDC/Src/usbd_cdc.o
 .text.USBD_CDC_DeInit
                0x00000000080074fc      0x104 ./Middlewares/ST/STM32_USB_Device_Library/Class/CDC/Src/usbd_cdc.o
 .text.USBD_CDC_Setup
                0x0000000008007600      0x1b8 ./Middlewares/ST/STM32_USB_Device_Library/Class/CDC/Src/usbd_cdc.o
 .text.USBD_CDC_DataIn
                0x00000000080077b8       0xfe ./Middlewares/ST/STM32_USB_Device_Library/Class/CDC/Src/usbd_cdc.o
 .text.USBD_CDC_DataOut
                0x00000000080078b6       0x70 ./Middlewares/ST/STM32_USB_Device_Library/Class/CDC/Src/usbd_cdc.o
 .text.USBD_CDC_EP0_RxReady
                0x0000000008007926       0x76 ./Middlewares/ST/STM32_USB_Device_Library/Class/CDC/Src/usbd_cdc.o
 .text.USBD_CDC_GetFSCfgDesc
                0x000000000800799c       0x70 ./Middlewares/ST/STM32_USB_Device_Library/Class/CDC/Src/usbd_cdc.o
 .text.USBD_CDC_GetHSCfgDesc
                0x0000000008007a0c       0x70 ./Middlewares/ST/STM32_USB_Device_Library/Class/CDC/Src/usbd_cdc.o
 .text.USBD_CDC_GetOtherSpeedCfgDesc
                0x0000000008007a7c       0x70 ./Middlewares/ST/STM32_USB_Device_Library/Class/CDC/Src/usbd_cdc.o
 .text.USBD_CDC_GetDeviceQualifierDescriptor
                0x0000000008007aec       0x20 ./Middlewares/ST/STM32_USB_Device_Library/Class/CDC/Src/usbd_cdc.o
                0x0000000008007aec                USBD_CDC_GetDeviceQualifierDescriptor
 .text.USBD_CDC_RegisterInterface
                0x0000000008007b0c       0x34 ./Middlewares/ST/STM32_USB_Device_Library/Class/CDC/Src/usbd_cdc.o
                0x0000000008007b0c                USBD_CDC_RegisterInterface
 .text.USBD_CDC_SetTxBuffer
                0x0000000008007b40       0x44 ./Middlewares/ST/STM32_USB_Device_Library/Class/CDC/Src/usbd_cdc.o
                0x0000000008007b40                USBD_CDC_SetTxBuffer
 .text.USBD_CDC_SetRxBuffer
                0x0000000008007b84       0x3a ./Middlewares/ST/STM32_USB_Device_Library/Class/CDC/Src/usbd_cdc.o
                0x0000000008007b84                USBD_CDC_SetRxBuffer
 *fill*         0x0000000008007bbe        0x2 
 .text.USBD_CDC_ReceivePacket
                0x0000000008007bc0       0x6c ./Middlewares/ST/STM32_USB_Device_Library/Class/CDC/Src/usbd_cdc.o
                0x0000000008007bc0                USBD_CDC_ReceivePacket
 .text.USBD_Init
                0x0000000008007c2c       0x60 ./Middlewares/ST/STM32_USB_Device_Library/Core/Src/usbd_core.o
                0x0000000008007c2c                USBD_Init
 .text.USBD_RegisterClass
                0x0000000008007c8c       0x6c ./Middlewares/ST/STM32_USB_Device_Library/Core/Src/usbd_core.o
                0x0000000008007c8c                USBD_RegisterClass
 .text.USBD_Start
                0x0000000008007cf8       0x18 ./Middlewares/ST/STM32_USB_Device_Library/Core/Src/usbd_core.o
                0x0000000008007cf8                USBD_Start
 .text.USBD_RunTestMode
                0x0000000008007d10       0x16 ./Middlewares/ST/STM32_USB_Device_Library/Core/Src/usbd_core.o
                0x0000000008007d10                USBD_RunTestMode
 .text.USBD_SetClassConfig
                0x0000000008007d26       0x38 ./Middlewares/ST/STM32_USB_Device_Library/Core/Src/usbd_core.o
                0x0000000008007d26                USBD_SetClassConfig
 .text.USBD_ClrClassConfig
                0x0000000008007d5e       0x34 ./Middlewares/ST/STM32_USB_Device_Library/Core/Src/usbd_core.o
                0x0000000008007d5e                USBD_ClrClassConfig
 .text.USBD_LL_SetupStage
                0x0000000008007d92       0xaa ./Middlewares/ST/STM32_USB_Device_Library/Core/Src/usbd_core.o
                0x0000000008007d92                USBD_LL_SetupStage
 .text.USBD_LL_DataOutStage
                0x0000000008007e3c      0x166 ./Middlewares/ST/STM32_USB_Device_Library/Core/Src/usbd_core.o
                0x0000000008007e3c                USBD_LL_DataOutStage
 .text.USBD_LL_DataInStage
                0x0000000008007fa2      0x164 ./Middlewares/ST/STM32_USB_Device_Library/Core/Src/usbd_core.o
                0x0000000008007fa2                USBD_LL_DataInStage
 .text.USBD_LL_Reset
                0x0000000008008106       0xa4 ./Middlewares/ST/STM32_USB_Device_Library/Core/Src/usbd_core.o
                0x0000000008008106                USBD_LL_Reset
 .text.USBD_LL_SetSpeed
                0x00000000080081aa       0x20 ./Middlewares/ST/STM32_USB_Device_Library/Core/Src/usbd_core.o
                0x00000000080081aa                USBD_LL_SetSpeed
 .text.USBD_LL_Suspend
                0x00000000080081ca       0x2c ./Middlewares/ST/STM32_USB_Device_Library/Core/Src/usbd_core.o
                0x00000000080081ca                USBD_LL_Suspend
 .text.USBD_LL_Resume
                0x00000000080081f6       0x30 ./Middlewares/ST/STM32_USB_Device_Library/Core/Src/usbd_core.o
                0x00000000080081f6                USBD_LL_Resume
 .text.USBD_LL_SOF
                0x0000000008008226       0x40 ./Middlewares/ST/STM32_USB_Device_Library/Core/Src/usbd_core.o
                0x0000000008008226                USBD_LL_SOF
 .text.USBD_LL_IsoINIncomplete
                0x0000000008008266       0x64 ./Middlewares/ST/STM32_USB_Device_Library/Core/Src/usbd_core.o
                0x0000000008008266                USBD_LL_IsoINIncomplete
 .text.USBD_LL_IsoOUTIncomplete
                0x00000000080082ca       0x64 ./Middlewares/ST/STM32_USB_Device_Library/Core/Src/usbd_core.o
                0x00000000080082ca                USBD_LL_IsoOUTIncomplete
 .text.USBD_LL_DevConnected
                0x000000000800832e       0x16 ./Middlewares/ST/STM32_USB_Device_Library/Core/Src/usbd_core.o
                0x000000000800832e                USBD_LL_DevConnected
 .text.USBD_LL_DevDisconnected
                0x0000000008008344       0x46 ./Middlewares/ST/STM32_USB_Device_Library/Core/Src/usbd_core.o
                0x0000000008008344                USBD_LL_DevDisconnected
 .text.USBD_CoreFindIF
                0x000000000800838a       0x1a ./Middlewares/ST/STM32_USB_Device_Library/Core/Src/usbd_core.o
                0x000000000800838a                USBD_CoreFindIF
 .text.USBD_CoreFindEP
                0x00000000080083a4       0x1a ./Middlewares/ST/STM32_USB_Device_Library/Core/Src/usbd_core.o
                0x00000000080083a4                USBD_CoreFindEP
 .text.USBD_GetEpDesc
                0x00000000080083be       0x74 ./Middlewares/ST/STM32_USB_Device_Library/Core/Src/usbd_core.o
                0x00000000080083be                USBD_GetEpDesc
 .text.USBD_GetNextDesc
                0x0000000008008432       0x3a ./Middlewares/ST/STM32_USB_Device_Library/Core/Src/usbd_core.o
                0x0000000008008432                USBD_GetNextDesc
 .text.SWAPBYTE
                0x000000000800846c       0x3c ./Middlewares/ST/STM32_USB_Device_Library/Core/Src/usbd_ctlreq.o
 .text.USBD_StdDevReq
                0x00000000080084a8       0xe4 ./Middlewares/ST/STM32_USB_Device_Library/Core/Src/usbd_ctlreq.o
                0x00000000080084a8                USBD_StdDevReq
 .text.USBD_StdItfReq
                0x000000000800858c       0xd8 ./Middlewares/ST/STM32_USB_Device_Library/Core/Src/usbd_ctlreq.o
                0x000000000800858c                USBD_StdItfReq
 .text.USBD_StdEPReq
                0x0000000008008664      0x33a ./Middlewares/ST/STM32_USB_Device_Library/Core/Src/usbd_ctlreq.o
                0x0000000008008664                USBD_StdEPReq
 *fill*         0x000000000800899e        0x2 
 .text.USBD_GetDescriptor
                0x00000000080089a0      0x2d4 ./Middlewares/ST/STM32_USB_Device_Library/Core/Src/usbd_ctlreq.o
 .text.USBD_SetAddress
                0x0000000008008c74       0x88 ./Middlewares/ST/STM32_USB_Device_Library/Core/Src/usbd_ctlreq.o
 .text.USBD_SetConfig
                0x0000000008008cfc      0x154 ./Middlewares/ST/STM32_USB_Device_Library/Core/Src/usbd_ctlreq.o
 .text.USBD_GetConfig
                0x0000000008008e50       0x6c ./Middlewares/ST/STM32_USB_Device_Library/Core/Src/usbd_ctlreq.o
 .text.USBD_GetStatus
                0x0000000008008ebc       0x68 ./Middlewares/ST/STM32_USB_Device_Library/Core/Src/usbd_ctlreq.o
 .text.USBD_SetFeature
                0x0000000008008f24       0x52 ./Middlewares/ST/STM32_USB_Device_Library/Core/Src/usbd_ctlreq.o
 .text.USBD_ClrFeature
                0x0000000008008f76       0x44 ./Middlewares/ST/STM32_USB_Device_Library/Core/Src/usbd_ctlreq.o
 .text.USBD_ParseSetupRequest
                0x0000000008008fba       0x74 ./Middlewares/ST/STM32_USB_Device_Library/Core/Src/usbd_ctlreq.o
                0x0000000008008fba                USBD_ParseSetupRequest
 .text.USBD_CtlError
                0x000000000800902e       0x22 ./Middlewares/ST/STM32_USB_Device_Library/Core/Src/usbd_ctlreq.o
                0x000000000800902e                USBD_CtlError
 .text.USBD_GetString
                0x0000000008009050       0x8c ./Middlewares/ST/STM32_USB_Device_Library/Core/Src/usbd_ctlreq.o
                0x0000000008009050                USBD_GetString
 .text.USBD_GetLen
                0x00000000080090dc       0x34 ./Middlewares/ST/STM32_USB_Device_Library/Core/Src/usbd_ctlreq.o
 .text.USBD_CtlSendData
                0x0000000008009110       0x36 ./Middlewares/ST/STM32_USB_Device_Library/Core/Src/usbd_ioreq.o
                0x0000000008009110                USBD_CtlSendData
 .text.USBD_CtlContinueSendData
                0x0000000008009146       0x22 ./Middlewares/ST/STM32_USB_Device_Library/Core/Src/usbd_ioreq.o
                0x0000000008009146                USBD_CtlContinueSendData
 .text.USBD_CtlPrepareRx
                0x0000000008009168       0x3a ./Middlewares/ST/STM32_USB_Device_Library/Core/Src/usbd_ioreq.o
                0x0000000008009168                USBD_CtlPrepareRx
 .text.USBD_CtlContinueRx
                0x00000000080091a2       0x22 ./Middlewares/ST/STM32_USB_Device_Library/Core/Src/usbd_ioreq.o
                0x00000000080091a2                USBD_CtlContinueRx
 .text.USBD_CtlSendStatus
                0x00000000080091c4       0x26 ./Middlewares/ST/STM32_USB_Device_Library/Core/Src/usbd_ioreq.o
                0x00000000080091c4                USBD_CtlSendStatus
 .text.USBD_CtlReceiveStatus
                0x00000000080091ea       0x26 ./Middlewares/ST/STM32_USB_Device_Library/Core/Src/usbd_ioreq.o
                0x00000000080091ea                USBD_CtlReceiveStatus
 .text.MX_USB_DEVICE_Init
                0x0000000008009210       0x60 ./USB_DEVICE/App/usb_device.o
                0x0000000008009210                MX_USB_DEVICE_Init
 .text.CDC_Init_FS
                0x0000000008009270       0x28 ./USB_DEVICE/App/usbd_cdc_if.o
 .text.CDC_DeInit_FS
                0x0000000008009298       0x10 ./USB_DEVICE/App/usbd_cdc_if.o
 .text.CDC_Control_FS
                0x00000000080092a8       0xbc ./USB_DEVICE/App/usbd_cdc_if.o
 .text.CDC_Receive_FS
                0x0000000008009364       0x28 ./USB_DEVICE/App/usbd_cdc_if.o
 .text.CDC_TransmitCplt_FS
                0x000000000800938c       0x22 ./USB_DEVICE/App/usbd_cdc_if.o
 *fill*         0x00000000080093ae        0x2 
 .text.USBD_FS_DeviceDescriptor
                0x00000000080093b0       0x24 ./USB_DEVICE/App/usbd_desc.o
                0x00000000080093b0                USBD_FS_DeviceDescriptor
 .text.USBD_FS_LangIDStrDescriptor
                0x00000000080093d4       0x24 ./USB_DEVICE/App/usbd_desc.o
                0x00000000080093d4                USBD_FS_LangIDStrDescriptor
 .text.USBD_FS_ProductStrDescriptor
                0x00000000080093f8       0x3c ./USB_DEVICE/App/usbd_desc.o
                0x00000000080093f8                USBD_FS_ProductStrDescriptor
 .text.USBD_FS_ManufacturerStrDescriptor
                0x0000000008009434       0x28 ./USB_DEVICE/App/usbd_desc.o
                0x0000000008009434                USBD_FS_ManufacturerStrDescriptor
 .text.USBD_FS_SerialStrDescriptor
                0x000000000800945c       0x24 ./USB_DEVICE/App/usbd_desc.o
                0x000000000800945c                USBD_FS_SerialStrDescriptor
 .text.USBD_FS_ConfigStrDescriptor
                0x0000000008009480       0x3c ./USB_DEVICE/App/usbd_desc.o
                0x0000000008009480                USBD_FS_ConfigStrDescriptor
 .text.USBD_FS_InterfaceStrDescriptor
                0x00000000080094bc       0x3c ./USB_DEVICE/App/usbd_desc.o
                0x00000000080094bc                USBD_FS_InterfaceStrDescriptor
 .text.Get_SerialNum
                0x00000000080094f8       0x58 ./USB_DEVICE/App/usbd_desc.o
 .text.IntToUnicode
                0x0000000008009550       0x7e ./USB_DEVICE/App/usbd_desc.o
 *fill*         0x00000000080095ce        0x2 
 .text.HAL_PCD_MspInit
                0x00000000080095d0       0xa8 ./USB_DEVICE/Target/usbd_conf.o
                0x00000000080095d0                HAL_PCD_MspInit
 .text.HAL_PCD_SetupStageCallback
                0x0000000008009678       0x24 ./USB_DEVICE/Target/usbd_conf.o
                0x0000000008009678                HAL_PCD_SetupStageCallback
 .text.HAL_PCD_DataOutStageCallback
                0x000000000800969c       0x36 ./USB_DEVICE/Target/usbd_conf.o
                0x000000000800969c                HAL_PCD_DataOutStageCallback
 .text.HAL_PCD_DataInStageCallback
                0x00000000080096d2       0x34 ./USB_DEVICE/Target/usbd_conf.o
                0x00000000080096d2                HAL_PCD_DataInStageCallback
 .text.HAL_PCD_SOFCallback
                0x0000000008009706       0x1c ./USB_DEVICE/Target/usbd_conf.o
                0x0000000008009706                HAL_PCD_SOFCallback
 .text.HAL_PCD_ResetCallback
                0x0000000008009722       0x3c ./USB_DEVICE/Target/usbd_conf.o
                0x0000000008009722                HAL_PCD_ResetCallback
 *fill*         0x000000000800975e        0x2 
 .text.HAL_PCD_SuspendCallback
                0x0000000008009760       0x4c ./USB_DEVICE/Target/usbd_conf.o
                0x0000000008009760                HAL_PCD_SuspendCallback
 .text.HAL_PCD_ResumeCallback
                0x00000000080097ac       0x1c ./USB_DEVICE/Target/usbd_conf.o
                0x00000000080097ac                HAL_PCD_ResumeCallback
 .text.HAL_PCD_ISOOUTIncompleteCallback
                0x00000000080097c8       0x24 ./USB_DEVICE/Target/usbd_conf.o
                0x00000000080097c8                HAL_PCD_ISOOUTIncompleteCallback
 .text.HAL_PCD_ISOINIncompleteCallback
                0x00000000080097ec       0x24 ./USB_DEVICE/Target/usbd_conf.o
                0x00000000080097ec                HAL_PCD_ISOINIncompleteCallback
 .text.HAL_PCD_ConnectCallback
                0x0000000008009810       0x1c ./USB_DEVICE/Target/usbd_conf.o
                0x0000000008009810                HAL_PCD_ConnectCallback
 .text.HAL_PCD_DisconnectCallback
                0x000000000800982c       0x1c ./USB_DEVICE/Target/usbd_conf.o
                0x000000000800982c                HAL_PCD_DisconnectCallback
 .text.USBD_LL_Init
                0x0000000008009848       0x98 ./USB_DEVICE/Target/usbd_conf.o
                0x0000000008009848                USBD_LL_Init
 .text.USBD_LL_Start
                0x00000000080098e0       0x36 ./USB_DEVICE/Target/usbd_conf.o
                0x00000000080098e0                USBD_LL_Start
 .text.USBD_LL_OpenEP
                0x0000000008009916       0x4c ./USB_DEVICE/Target/usbd_conf.o
                0x0000000008009916                USBD_LL_OpenEP
 .text.USBD_LL_CloseEP
                0x0000000008009962       0x3e ./USB_DEVICE/Target/usbd_conf.o
                0x0000000008009962                USBD_LL_CloseEP
 .text.USBD_LL_StallEP
                0x00000000080099a0       0x3e ./USB_DEVICE/Target/usbd_conf.o
                0x00000000080099a0                USBD_LL_StallEP
 .text.USBD_LL_ClearStallEP
                0x00000000080099de       0x3e ./USB_DEVICE/Target/usbd_conf.o
                0x00000000080099de                USBD_LL_ClearStallEP
 .text.USBD_LL_IsStallEP
                0x0000000008009a1c       0x58 ./USB_DEVICE/Target/usbd_conf.o
                0x0000000008009a1c                USBD_LL_IsStallEP
 .text.USBD_LL_SetUSBAddress
                0x0000000008009a74       0x3e ./USB_DEVICE/Target/usbd_conf.o
                0x0000000008009a74                USBD_LL_SetUSBAddress
 .text.USBD_LL_Transmit
                0x0000000008009ab2       0x42 ./USB_DEVICE/Target/usbd_conf.o
                0x0000000008009ab2                USBD_LL_Transmit
 .text.USBD_LL_PrepareReceive
                0x0000000008009af4       0x42 ./USB_DEVICE/Target/usbd_conf.o
                0x0000000008009af4                USBD_LL_PrepareReceive
 .text.USBD_LL_GetRxDataSize
                0x0000000008009b36       0x26 ./USB_DEVICE/Target/usbd_conf.o
                0x0000000008009b36                USBD_LL_GetRxDataSize
 .text.USBD_static_malloc
                0x0000000008009b5c       0x1c ./USB_DEVICE/Target/usbd_conf.o
                0x0000000008009b5c                USBD_static_malloc
 .text.USBD_static_free
                0x0000000008009b78       0x14 ./USB_DEVICE/Target/usbd_conf.o
                0x0000000008009b78                USBD_static_free
 .text.USBD_Get_USB_Status
                0x0000000008009b8c       0x58 ./USB_DEVICE/Target/usbd_conf.o
                0x0000000008009b8c                USBD_Get_USB_Status
 .text.__libc_init_array
                0x0000000008009be4       0x48 c:/st/stm32cubeide_1.10.1/stm32cubeide/plugins/com.st.stm32cube.ide.mcu.externaltools.gnu-tools-for-stm32.10.3-2021.10.win32_1.0.0.202111181127/tools/bin/../lib/gcc/arm-none-eabi/10.3.1/../../../../arm-none-eabi/lib/thumb/v7e-m+fp/hard\libc_nano.a(lib_a-init.o)
                0x0000000008009be4                __libc_init_array
 .text.memset   0x0000000008009c2c       0x10 c:/st/stm32cubeide_1.10.1/stm32cubeide/plugins/com.st.stm32cube.ide.mcu.externaltools.gnu-tools-for-stm32.10.3-2021.10.win32_1.0.0.202111181127/tools/bin/../lib/gcc/arm-none-eabi/10.3.1/../../../../arm-none-eabi/lib/thumb/v7e-m+fp/hard\libc_nano.a(lib_a-memset.o)
                0x0000000008009c2c                memset
 *(.glue_7)
 .glue_7        0x0000000008009c3c        0x0 linker stubs
 *(.glue_7t)
 .glue_7t       0x0000000008009c3c        0x0 linker stubs
 *(.eh_frame)
 .eh_frame      0x0000000008009c3c        0x0 c:/st/stm32cubeide_1.10.1/stm32cubeide/plugins/com.st.stm32cube.ide.mcu.externaltools.gnu-tools-for-stm32.10.3-2021.10.win32_1.0.0.202111181127/tools/bin/../lib/gcc/arm-none-eabi/10.3.1/thumb/v7e-m+fp/hard/crtbegin.o
 *(.init)
 .init          0x0000000008009c3c        0x4 c:/st/stm32cubeide_1.10.1/stm32cubeide/plugins/com.st.stm32cube.ide.mcu.externaltools.gnu-tools-for-stm32.10.3-2021.10.win32_1.0.0.202111181127/tools/bin/../lib/gcc/arm-none-eabi/10.3.1/thumb/v7e-m+fp/hard/crti.o
                0x0000000008009c3c                _init
 .init          0x0000000008009c40        0x8 c:/st/stm32cubeide_1.10.1/stm32cubeide/plugins/com.st.stm32cube.ide.mcu.externaltools.gnu-tools-for-stm32.10.3-2021.10.win32_1.0.0.202111181127/tools/bin/../lib/gcc/arm-none-eabi/10.3.1/thumb/v7e-m+fp/hard/crtn.o
 *(.fini)
 .fini          0x0000000008009c48        0x4 c:/st/stm32cubeide_1.10.1/stm32cubeide/plugins/com.st.stm32cube.ide.mcu.externaltools.gnu-tools-for-stm32.10.3-2021.10.win32_1.0.0.202111181127/tools/bin/../lib/gcc/arm-none-eabi/10.3.1/thumb/v7e-m+fp/hard/crti.o
                0x0000000008009c48                _fini
 .fini          0x0000000008009c4c        0x8 c:/st/stm32cubeide_1.10.1/stm32cubeide/plugins/com.st.stm32cube.ide.mcu.externaltools.gnu-tools-for-stm32.10.3-2021.10.win32_1.0.0.202111181127/tools/bin/../lib/gcc/arm-none-eabi/10.3.1/thumb/v7e-m+fp/hard/crtn.o
                0x0000000008009c54                . = ALIGN (0x4)
                0x0000000008009c54                _etext = .

.vfp11_veneer   0x0000000008009c54        0x0
 .vfp11_veneer  0x0000000008009c54        0x0 linker stubs

.v4_bx          0x0000000008009c54        0x0
 .v4_bx         0x0000000008009c54        0x0 linker stubs

.iplt           0x0000000008009c54        0x0
 .iplt          0x0000000008009c54        0x0 c:/st/stm32cubeide_1.10.1/stm32cubeide/plugins/com.st.stm32cube.ide.mcu.externaltools.gnu-tools-for-stm32.10.3-2021.10.win32_1.0.0.202111181127/tools/bin/../lib/gcc/arm-none-eabi/10.3.1/thumb/v7e-m+fp/hard/crtbegin.o

.rodata         0x0000000008009c54       0x50
                0x0000000008009c54                . = ALIGN (0x4)
 *(.rodata)
 .rodata        0x0000000008009c54       0x3e ./USB_DEVICE/App/usbd_desc.o
 *(.rodata*)
 *fill*         0x0000000008009c92        0x2 
 .rodata.AHBPrescTable
                0x0000000008009c94       0x10 ./Core/Src/system_stm32f4xx.o
                0x0000000008009c94                AHBPrescTable
                0x0000000008009ca4                . = ALIGN (0x4)

.ARM.extab      0x0000000008009ca4        0x0
                0x0000000008009ca4                . = ALIGN (0x4)
 *(.ARM.extab* .gnu.linkonce.armextab.*)
                0x0000000008009ca4                . = ALIGN (0x4)

.ARM            0x0000000008009ca4        0x8
                0x0000000008009ca4                . = ALIGN (0x4)
                0x0000000008009ca4                __exidx_start = .
 *(.ARM.exidx*)
 .ARM.exidx     0x0000000008009ca4        0x8 c:/st/stm32cubeide_1.10.1/stm32cubeide/plugins/com.st.stm32cube.ide.mcu.externaltools.gnu-tools-for-stm32.10.3-2021.10.win32_1.0.0.202111181127/tools/bin/../lib/gcc/arm-none-eabi/10.3.1/thumb/v7e-m+fp/hard\libgcc.a(_udivmoddi4.o)
                0x0000000008009cac                __exidx_end = .
                0x0000000008009cac                . = ALIGN (0x4)

.rel.dyn        0x0000000008009cac        0x0
 .rel.iplt      0x0000000008009cac        0x0 c:/st/stm32cubeide_1.10.1/stm32cubeide/plugins/com.st.stm32cube.ide.mcu.externaltools.gnu-tools-for-stm32.10.3-2021.10.win32_1.0.0.202111181127/tools/bin/../lib/gcc/arm-none-eabi/10.3.1/thumb/v7e-m+fp/hard/crtbegin.o

.preinit_array  0x0000000008009cac        0x0
                0x0000000008009cac                . = ALIGN (0x4)
                0x0000000008009cac                PROVIDE (__preinit_array_start = .)
 *(.preinit_array*)
                0x0000000008009cac                PROVIDE (__preinit_array_end = .)
                0x0000000008009cac                . = ALIGN (0x4)

.init_array     0x0000000008009cac        0x4
                0x0000000008009cac                . = ALIGN (0x4)
                0x0000000008009cac                PROVIDE (__init_array_start = .)
 *(SORT_BY_NAME(.init_array.*))
 *(.init_array*)
 .init_array    0x0000000008009cac        0x4 c:/st/stm32cubeide_1.10.1/stm32cubeide/plugins/com.st.stm32cube.ide.mcu.externaltools.gnu-tools-for-stm32.10.3-2021.10.win32_1.0.0.202111181127/tools/bin/../lib/gcc/arm-none-eabi/10.3.1/thumb/v7e-m+fp/hard/crtbegin.o
                0x0000000008009cb0                PROVIDE (__init_array_end = .)
                0x0000000008009cb0                . = ALIGN (0x4)

.fini_array     0x0000000008009cb0        0x4
                0x0000000008009cb0                . = ALIGN (0x4)
                [!provide]                        PROVIDE (__fini_array_start = .)
 *(SORT_BY_NAME(.fini_array.*))
 *(.fini_array*)
 .fini_array    0x0000000008009cb0        0x4 c:/st/stm32cubeide_1.10.1/stm32cubeide/plugins/com.st.stm32cube.ide.mcu.externaltools.gnu-tools-for-stm32.10.3-2021.10.win32_1.0.0.202111181127/tools/bin/../lib/gcc/arm-none-eabi/10.3.1/thumb/v7e-m+fp/hard/crtbegin.o
                [!provide]                        PROVIDE (__fini_array_end = .)
                0x0000000008009cb4                . = ALIGN (0x4)
                0x0000000008009cb4                _sidata = LOADADDR (.data)

.data           0x0000000020000000      0x100 load address 0x0000000008009cb4
                0x0000000020000000                . = ALIGN (0x4)
                0x0000000020000000                _sdata = .
 *(.data)
 *(.data*)
 .data.sudut_alpha
                0x0000000020000000        0x2 ./Core/Src/main.o
                0x0000000020000000                sudut_alpha
 .data.button_device_select_state
                0x0000000020000002        0x1 ./Core/Src/main.o
                0x0000000020000002                button_device_select_state
 *fill*         0x0000000020000003        0x1 
 .data.SystemCoreClock
                0x0000000020000004        0x4 ./Core/Src/system_stm32f4xx.o
                0x0000000020000004                SystemCoreClock
 .data.uwTickPrio
                0x0000000020000008        0x4 ./Drivers/STM32F4xx_HAL_Driver/Src/stm32f4xx_hal.o
                0x0000000020000008                uwTickPrio
 .data.uwTickFreq
                0x000000002000000c        0x1 ./Drivers/STM32F4xx_HAL_Driver/Src/stm32f4xx_hal.o
                0x000000002000000c                uwTickFreq
 *fill*         0x000000002000000d        0x3 
 .data.USBD_CDC_DeviceQualifierDesc
                0x0000000020000010        0xa ./Middlewares/ST/STM32_USB_Device_Library/Class/CDC/Src/usbd_cdc.o
 *fill*         0x000000002000001a        0x2 
 .data.USBD_CDC
                0x000000002000001c       0x38 ./Middlewares/ST/STM32_USB_Device_Library/Class/CDC/Src/usbd_cdc.o
                0x000000002000001c                USBD_CDC
 .data.USBD_CDC_CfgDesc
                0x0000000020000054       0x43 ./Middlewares/ST/STM32_USB_Device_Library/Class/CDC/Src/usbd_cdc.o
 .data.CDCInEpAdd
                0x0000000020000097        0x1 ./Middlewares/ST/STM32_USB_Device_Library/Class/CDC/Src/usbd_cdc.o
 .data.CDCOutEpAdd
                0x0000000020000098        0x1 ./Middlewares/ST/STM32_USB_Device_Library/Class/CDC/Src/usbd_cdc.o
 .data.CDCCmdEpAdd
                0x0000000020000099        0x1 ./Middlewares/ST/STM32_USB_Device_Library/Class/CDC/Src/usbd_cdc.o
 *fill*         0x000000002000009a        0x2 
 .data.USBD_Interface_fops_FS
                0x000000002000009c       0x14 ./USB_DEVICE/App/usbd_cdc_if.o
                0x000000002000009c                USBD_Interface_fops_FS
 .data.FS_Desc  0x00000000200000b0       0x1c ./USB_DEVICE/App/usbd_desc.o
                0x00000000200000b0                FS_Desc
 .data.USBD_FS_DeviceDesc
                0x00000000200000cc       0x12 ./USB_DEVICE/App/usbd_desc.o
                0x00000000200000cc                USBD_FS_DeviceDesc
 *fill*         0x00000000200000de        0x2 
 .data.USBD_LangIDDesc
                0x00000000200000e0        0x4 ./USB_DEVICE/App/usbd_desc.o
                0x00000000200000e0                USBD_LangIDDesc
 .data.USBD_StringSerial
                0x00000000200000e4       0x1a ./USB_DEVICE/App/usbd_desc.o
                0x00000000200000e4                USBD_StringSerial
 *(.RamFunc)
 *(.RamFunc*)
                0x0000000020000100                . = ALIGN (0x4)
 *fill*         0x00000000200000fe        0x2 
                0x0000000020000100                _edata = .

.igot.plt       0x0000000020000100        0x0 load address 0x0000000008009db4
 .igot.plt      0x0000000020000100        0x0 c:/st/stm32cubeide_1.10.1/stm32cubeide/plugins/com.st.stm32cube.ide.mcu.externaltools.gnu-tools-for-stm32.10.3-2021.10.win32_1.0.0.202111181127/tools/bin/../lib/gcc/arm-none-eabi/10.3.1/thumb/v7e-m+fp/hard/crtbegin.o
                0x0000000020000100                . = ALIGN (0x4)

.bss            0x0000000020000100     0x1de4 load address 0x0000000008009db4
                0x0000000020000100                _sbss = .
                0x0000000020000100                __bss_start__ = _sbss
 *(.bss)
 .bss           0x0000000020000100       0x1c c:/st/stm32cubeide_1.10.1/stm32cubeide/plugins/com.st.stm32cube.ide.mcu.externaltools.gnu-tools-for-stm32.10.3-2021.10.win32_1.0.0.202111181127/tools/bin/../lib/gcc/arm-none-eabi/10.3.1/thumb/v7e-m+fp/hard/crtbegin.o
 *(.bss*)
 .bss.hadc1     0x000000002000011c       0x48 ./Core/Src/main.o
                0x000000002000011c                hadc1
 .bss.htim2     0x0000000020000164       0x48 ./Core/Src/main.o
                0x0000000020000164                htim2
 .bss.htim3     0x00000000200001ac       0x48 ./Core/Src/main.o
                0x00000000200001ac                htim3
 .bss.htim4     0x00000000200001f4       0x48 ./Core/Src/main.o
                0x00000000200001f4                htim4
 .bss.htim5     0x000000002000023c       0x48 ./Core/Src/main.o
                0x000000002000023c                htim5
 .bss.htim10    0x0000000020000284       0x48 ./Core/Src/main.o
                0x0000000020000284                htim10
 .bss.counter_last_val
                0x00000000200002cc        0x2 ./Core/Src/main.o
                0x00000000200002cc                counter_last_val
 .bss.first_wave_flag_1
                0x00000000200002ce        0x1 ./Core/Src/main.o
                0x00000000200002ce                first_wave_flag_1
 .bss.first_wave_flag_2
                0x00000000200002cf        0x1 ./Core/Src/main.o
                0x00000000200002cf                first_wave_flag_2
 .bss.first_wave_flag_3
                0x00000000200002d0        0x1 ./Core/Src/main.o
                0x00000000200002d0                first_wave_flag_3
 *fill*         0x00000000200002d1        0x3 
 .bss.uwTick    0x00000000200002d4        0x4 ./Drivers/STM32F4xx_HAL_Driver/Src/stm32f4xx_hal.o
                0x00000000200002d4                uwTick
 .bss.cfgidx.0  0x00000000200002d8        0x1 ./Middlewares/ST/STM32_USB_Device_Library/Core/Src/usbd_ctlreq.o
 *fill*         0x00000000200002d9        0x3 
 .bss.hUsbDeviceFS
                0x00000000200002dc      0x2dc ./USB_DEVICE/App/usb_device.o
                0x00000000200002dc                hUsbDeviceFS
 .bss.UserRxBufferFS
                0x00000000200005b8      0x800 ./USB_DEVICE/App/usbd_cdc_if.o
                0x00000000200005b8                UserRxBufferFS
 .bss.UserTxBufferFS
                0x0000000020000db8      0x800 ./USB_DEVICE/App/usbd_cdc_if.o
                0x0000000020000db8                UserTxBufferFS
 .bss.USBD_StrDesc
                0x00000000200015b8      0x200 ./USB_DEVICE/App/usbd_desc.o
                0x00000000200015b8                USBD_StrDesc
 .bss.hpcd_USB_OTG_FS
                0x00000000200017b8      0x50c ./USB_DEVICE/Target/usbd_conf.o
                0x00000000200017b8                hpcd_USB_OTG_FS
 .bss.mem.0     0x0000000020001cc4      0x220 ./USB_DEVICE/Target/usbd_conf.o
 *(COMMON)
                0x0000000020001ee4                . = ALIGN (0x4)
                0x0000000020001ee4                _ebss = .
                0x0000000020001ee4                __bss_end__ = _ebss

._user_heap_stack
                0x0000000020001ee4      0x604 load address 0x0000000008009db4
                0x0000000020001ee8                . = ALIGN (0x8)
 *fill*         0x0000000020001ee4        0x4 
                [!provide]                        PROVIDE (end = .)
                0x0000000020001ee8                PROVIDE (_end = .)
                0x00000000200020e8                . = (. + _Min_Heap_Size)
 *fill*         0x0000000020001ee8      0x200 
                0x00000000200024e8                . = (. + _Min_Stack_Size)
 *fill*         0x00000000200020e8      0x400 
                0x00000000200024e8                . = ALIGN (0x8)

/DISCARD/
 libc.a(*)
 libm.a(*)
 libgcc.a(*)

.ARM.attributes
                0x0000000000000000       0x30
 *(.ARM.attributes)
 .ARM.attributes
                0x0000000000000000       0x1e c:/st/stm32cubeide_1.10.1/stm32cubeide/plugins/com.st.stm32cube.ide.mcu.externaltools.gnu-tools-for-stm32.10.3-2021.10.win32_1.0.0.202111181127/tools/bin/../lib/gcc/arm-none-eabi/10.3.1/thumb/v7e-m+fp/hard/crti.o
 .ARM.attributes
                0x000000000000001e       0x34 c:/st/stm32cubeide_1.10.1/stm32cubeide/plugins/com.st.stm32cube.ide.mcu.externaltools.gnu-tools-for-stm32.10.3-2021.10.win32_1.0.0.202111181127/tools/bin/../lib/gcc/arm-none-eabi/10.3.1/thumb/v7e-m+fp/hard/crtbegin.o
 .ARM.attributes
                0x0000000000000052       0x34 ./Core/Src/main.o
 .ARM.attributes
                0x0000000000000086       0x34 ./Core/Src/stm32f4xx_hal_msp.o
 .ARM.attributes
                0x00000000000000ba       0x34 ./Core/Src/stm32f4xx_it.o
 .ARM.attributes
                0x00000000000000ee       0x34 ./Core/Src/system_stm32f4xx.o
 .ARM.attributes
                0x0000000000000122       0x21 ./Core/Startup/startup_stm32f411ceux.o
 .ARM.attributes
                0x0000000000000143       0x34 ./Drivers/STM32F4xx_HAL_Driver/Src/stm32f4xx_hal.o
 .ARM.attributes
                0x0000000000000177       0x34 ./Drivers/STM32F4xx_HAL_Driver/Src/stm32f4xx_hal_adc.o
 .ARM.attributes
                0x00000000000001ab       0x34 ./Drivers/STM32F4xx_HAL_Driver/Src/stm32f4xx_hal_cortex.o
 .ARM.attributes
                0x00000000000001df       0x34 ./Drivers/STM32F4xx_HAL_Driver/Src/stm32f4xx_hal_gpio.o
 .ARM.attributes
                0x0000000000000213       0x34 ./Drivers/STM32F4xx_HAL_Driver/Src/stm32f4xx_hal_pcd.o
 .ARM.attributes
                0x0000000000000247       0x34 ./Drivers/STM32F4xx_HAL_Driver/Src/stm32f4xx_hal_pcd_ex.o
 .ARM.attributes
                0x000000000000027b       0x34 ./Drivers/STM32F4xx_HAL_Driver/Src/stm32f4xx_hal_rcc.o
 .ARM.attributes
                0x00000000000002af       0x34 ./Drivers/STM32F4xx_HAL_Driver/Src/stm32f4xx_hal_tim.o
 .ARM.attributes
                0x00000000000002e3       0x34 ./Drivers/STM32F4xx_HAL_Driver/Src/stm32f4xx_hal_tim_ex.o
 .ARM.attributes
                0x0000000000000317       0x34 ./Drivers/STM32F4xx_HAL_Driver/Src/stm32f4xx_ll_usb.o
 .ARM.attributes
                0x000000000000034b       0x34 ./Middlewares/ST/STM32_USB_Device_Library/Class/CDC/Src/usbd_cdc.o
 .ARM.attributes
                0x000000000000037f       0x34 ./Middlewares/ST/STM32_USB_Device_Library/Core/Src/usbd_core.o
 .ARM.attributes
                0x00000000000003b3       0x34 ./Middlewares/ST/STM32_USB_Device_Library/Core/Src/usbd_ctlreq.o
 .ARM.attributes
                0x00000000000003e7       0x34 ./Middlewares/ST/STM32_USB_Device_Library/Core/Src/usbd_ioreq.o
 .ARM.attributes
                0x000000000000041b       0x34 ./USB_DEVICE/App/usb_device.o
 .ARM.attributes
                0x000000000000044f       0x34 ./USB_DEVICE/App/usbd_cdc_if.o
 .ARM.attributes
                0x0000000000000483       0x34 ./USB_DEVICE/App/usbd_desc.o
 .ARM.attributes
                0x00000000000004b7       0x34 ./USB_DEVICE/Target/usbd_conf.o
 .ARM.attributes
                0x00000000000004eb       0x34 c:/st/stm32cubeide_1.10.1/stm32cubeide/plugins/com.st.stm32cube.ide.mcu.externaltools.gnu-tools-for-stm32.10.3-2021.10.win32_1.0.0.202111181127/tools/bin/../lib/gcc/arm-none-eabi/10.3.1/../../../../arm-none-eabi/lib/thumb/v7e-m+fp/hard\libc_nano.a(lib_a-init.o)
 .ARM.attributes
                0x000000000000051f       0x34 c:/st/stm32cubeide_1.10.1/stm32cubeide/plugins/com.st.stm32cube.ide.mcu.externaltools.gnu-tools-for-stm32.10.3-2021.10.win32_1.0.0.202111181127/tools/bin/../lib/gcc/arm-none-eabi/10.3.1/../../../../arm-none-eabi/lib/thumb/v7e-m+fp/hard\libc_nano.a(lib_a-memset.o)
 .ARM.attributes
                0x0000000000000553       0x1e c:/st/stm32cubeide_1.10.1/stm32cubeide/plugins/com.st.stm32cube.ide.mcu.externaltools.gnu-tools-for-stm32.10.3-2021.10.win32_1.0.0.202111181127/tools/bin/../lib/gcc/arm-none-eabi/10.3.1/thumb/v7e-m+fp/hard\libgcc.a(_aeabi_uldivmod.o)
 .ARM.attributes
                0x0000000000000571       0x34 c:/st/stm32cubeide_1.10.1/stm32cubeide/plugins/com.st.stm32cube.ide.mcu.externaltools.gnu-tools-for-stm32.10.3-2021.10.win32_1.0.0.202111181127/tools/bin/../lib/gcc/arm-none-eabi/10.3.1/thumb/v7e-m+fp/hard\libgcc.a(_udivmoddi4.o)
 .ARM.attributes
                0x00000000000005a5       0x1e c:/st/stm32cubeide_1.10.1/stm32cubeide/plugins/com.st.stm32cube.ide.mcu.externaltools.gnu-tools-for-stm32.10.3-2021.10.win32_1.0.0.202111181127/tools/bin/../lib/gcc/arm-none-eabi/10.3.1/thumb/v7e-m+fp/hard\libgcc.a(_dvmd_tls.o)
 .ARM.attributes
                0x00000000000005c3       0x1e c:/st/stm32cubeide_1.10.1/stm32cubeide/plugins/com.st.stm32cube.ide.mcu.externaltools.gnu-tools-for-stm32.10.3-2021.10.win32_1.0.0.202111181127/tools/bin/../lib/gcc/arm-none-eabi/10.3.1/thumb/v7e-m+fp/hard/crtn.o
OUTPUT(3_phase_firing_stm32f411.elf elf32-littlearm)
LOAD linker stubs
LOAD c:/st/stm32cubeide_1.10.1/stm32cubeide/plugins/com.st.stm32cube.ide.mcu.externaltools.gnu-tools-for-stm32.10.3-2021.10.win32_1.0.0.202111181127/tools/bin/../lib/gcc/arm-none-eabi/10.3.1/../../../../arm-none-eabi/lib/thumb/v7e-m+fp/hard\libc.a
LOAD c:/st/stm32cubeide_1.10.1/stm32cubeide/plugins/com.st.stm32cube.ide.mcu.externaltools.gnu-tools-for-stm32.10.3-2021.10.win32_1.0.0.202111181127/tools/bin/../lib/gcc/arm-none-eabi/10.3.1/../../../../arm-none-eabi/lib/thumb/v7e-m+fp/hard\libm.a
LOAD c:/st/stm32cubeide_1.10.1/stm32cubeide/plugins/com.st.stm32cube.ide.mcu.externaltools.gnu-tools-for-stm32.10.3-2021.10.win32_1.0.0.202111181127/tools/bin/../lib/gcc/arm-none-eabi/10.3.1/thumb/v7e-m+fp/hard\libgcc.a

.debug_info     0x0000000000000000    0x153d4
 .debug_info    0x0000000000000000     0x1a25 ./Core/Src/main.o
 .debug_info    0x0000000000001a25     0x112c ./Core/Src/stm32f4xx_hal_msp.o
 .debug_info    0x0000000000002b51      0xcb6 ./Core/Src/stm32f4xx_it.o
 .debug_info    0x0000000000003807      0x54f ./Core/Src/system_stm32f4xx.o
 .debug_info    0x0000000000003d56       0x22 ./Core/Startup/startup_stm32f411ceux.o
 .debug_info    0x0000000000003d78      0x90d ./Drivers/STM32F4xx_HAL_Driver/Src/stm32f4xx_hal.o
 .debug_info    0x0000000000004685      0xd68 ./Drivers/STM32F4xx_HAL_Driver/Src/stm32f4xx_hal_adc.o
 .debug_info    0x00000000000053ed      0xd8b ./Drivers/STM32F4xx_HAL_Driver/Src/stm32f4xx_hal_cortex.o
 .debug_info    0x0000000000006178      0x78e ./Drivers/STM32F4xx_HAL_Driver/Src/stm32f4xx_hal_gpio.o
 .debug_info    0x0000000000006906     0x168d ./Drivers/STM32F4xx_HAL_Driver/Src/stm32f4xx_hal_pcd.o
 .debug_info    0x0000000000007f93      0x717 ./Drivers/STM32F4xx_HAL_Driver/Src/stm32f4xx_hal_pcd_ex.o
 .debug_info    0x00000000000086aa      0x98d ./Drivers/STM32F4xx_HAL_Driver/Src/stm32f4xx_hal_rcc.o
 .debug_info    0x0000000000009037     0x2bb6 ./Drivers/STM32F4xx_HAL_Driver/Src/stm32f4xx_hal_tim.o
 .debug_info    0x000000000000bbed     0x15d8 ./Drivers/STM32F4xx_HAL_Driver/Src/stm32f4xx_hal_tim_ex.o
 .debug_info    0x000000000000d1c5     0x1a97 ./Drivers/STM32F4xx_HAL_Driver/Src/stm32f4xx_ll_usb.o
 .debug_info    0x000000000000ec5c     0x130c ./Middlewares/ST/STM32_USB_Device_Library/Class/CDC/Src/usbd_cdc.o
 .debug_info    0x000000000000ff68      0xee7 ./Middlewares/ST/STM32_USB_Device_Library/Core/Src/usbd_core.o
 .debug_info    0x0000000000010e4f      0xb7f ./Middlewares/ST/STM32_USB_Device_Library/Core/Src/usbd_ctlreq.o
 .debug_info    0x00000000000119ce      0x7da ./Middlewares/ST/STM32_USB_Device_Library/Core/Src/usbd_ioreq.o
 .debug_info    0x00000000000121a8      0x76a ./USB_DEVICE/App/usb_device.o
 .debug_info    0x0000000000012912      0x96f ./USB_DEVICE/App/usbd_cdc_if.o
 .debug_info    0x0000000000013281      0x498 ./USB_DEVICE/App/usbd_desc.o
 .debug_info    0x0000000000013719     0x1cbb ./USB_DEVICE/Target/usbd_conf.o

.debug_abbrev   0x0000000000000000     0x320c
 .debug_abbrev  0x0000000000000000      0x2ee ./Core/Src/main.o
 .debug_abbrev  0x00000000000002ee      0x203 ./Core/Src/stm32f4xx_hal_msp.o
 .debug_abbrev  0x00000000000004f1      0x204 ./Core/Src/stm32f4xx_it.o
 .debug_abbrev  0x00000000000006f5      0x116 ./Core/Src/system_stm32f4xx.o
 .debug_abbrev  0x000000000000080b       0x12 ./Core/Startup/startup_stm32f411ceux.o
 .debug_abbrev  0x000000000000081d      0x23e ./Drivers/STM32F4xx_HAL_Driver/Src/stm32f4xx_hal.o
 .debug_abbrev  0x0000000000000a5b      0x204 ./Drivers/STM32F4xx_HAL_Driver/Src/stm32f4xx_hal_adc.o
 .debug_abbrev  0x0000000000000c5f      0x316 ./Drivers/STM32F4xx_HAL_Driver/Src/stm32f4xx_hal_cortex.o
 .debug_abbrev  0x0000000000000f75      0x1c4 ./Drivers/STM32F4xx_HAL_Driver/Src/stm32f4xx_hal_gpio.o
 .debug_abbrev  0x0000000000001139      0x2bb ./Drivers/STM32F4xx_HAL_Driver/Src/stm32f4xx_hal_pcd.o
 .debug_abbrev  0x00000000000013f4      0x1ce ./Drivers/STM32F4xx_HAL_Driver/Src/stm32f4xx_hal_pcd_ex.o
 .debug_abbrev  0x00000000000015c2      0x2aa ./Drivers/STM32F4xx_HAL_Driver/Src/stm32f4xx_hal_rcc.o
 .debug_abbrev  0x000000000000186c      0x26e ./Drivers/STM32F4xx_HAL_Driver/Src/stm32f4xx_hal_tim.o
 .debug_abbrev  0x0000000000001ada      0x276 ./Drivers/STM32F4xx_HAL_Driver/Src/stm32f4xx_hal_tim_ex.o
 .debug_abbrev  0x0000000000001d50      0x296 ./Drivers/STM32F4xx_HAL_Driver/Src/stm32f4xx_ll_usb.o
 .debug_abbrev  0x0000000000001fe6      0x2be ./Middlewares/ST/STM32_USB_Device_Library/Class/CDC/Src/usbd_cdc.o
 .debug_abbrev  0x00000000000022a4      0x263 ./Middlewares/ST/STM32_USB_Device_Library/Core/Src/usbd_core.o
 .debug_abbrev  0x0000000000002507      0x25c ./Middlewares/ST/STM32_USB_Device_Library/Core/Src/usbd_ctlreq.o
 .debug_abbrev  0x0000000000002763      0x18a ./Middlewares/ST/STM32_USB_Device_Library/Core/Src/usbd_ioreq.o
 .debug_abbrev  0x00000000000028ed      0x18a ./USB_DEVICE/App/usb_device.o
 .debug_abbrev  0x0000000000002a77      0x290 ./USB_DEVICE/App/usbd_cdc_if.o
 .debug_abbrev  0x0000000000002d07      0x1da ./USB_DEVICE/App/usbd_desc.o
 .debug_abbrev  0x0000000000002ee1      0x32b ./USB_DEVICE/Target/usbd_conf.o

.debug_aranges  0x0000000000000000     0x1220
 .debug_aranges
                0x0000000000000000       0x98 ./Core/Src/main.o
 .debug_aranges
                0x0000000000000098       0x58 ./Core/Src/stm32f4xx_hal_msp.o
 .debug_aranges
                0x00000000000000f0       0x98 ./Core/Src/stm32f4xx_it.o
 .debug_aranges
                0x0000000000000188       0x28 ./Core/Src/system_stm32f4xx.o
 .debug_aranges
                0x00000000000001b0       0x28 ./Core/Startup/startup_stm32f411ceux.o
 .debug_aranges
                0x00000000000001d8       0xf0 ./Drivers/STM32F4xx_HAL_Driver/Src/stm32f4xx_hal.o
 .debug_aranges
                0x00000000000002c8       0xe8 ./Drivers/STM32F4xx_HAL_Driver/Src/stm32f4xx_hal_adc.o
 .debug_aranges
                0x00000000000003b0      0x118 ./Drivers/STM32F4xx_HAL_Driver/Src/stm32f4xx_hal_cortex.o
 .debug_aranges
                0x00000000000004c8       0x58 ./Drivers/STM32F4xx_HAL_Driver/Src/stm32f4xx_hal_gpio.o
 .debug_aranges
                0x0000000000000520      0x148 ./Drivers/STM32F4xx_HAL_Driver/Src/stm32f4xx_hal_pcd.o
 .debug_aranges
                0x0000000000000668       0x38 ./Drivers/STM32F4xx_HAL_Driver/Src/stm32f4xx_hal_pcd_ex.o
 .debug_aranges
                0x00000000000006a0       0x88 ./Drivers/STM32F4xx_HAL_Driver/Src/stm32f4xx_hal_rcc.o
 .debug_aranges
                0x0000000000000728      0x3d0 ./Drivers/STM32F4xx_HAL_Driver/Src/stm32f4xx_hal_tim.o
 .debug_aranges
                0x0000000000000af8      0x168 ./Drivers/STM32F4xx_HAL_Driver/Src/stm32f4xx_hal_tim_ex.o
 .debug_aranges
                0x0000000000000c60      0x1a0 ./Drivers/STM32F4xx_HAL_Driver/Src/stm32f4xx_ll_usb.o
 .debug_aranges
                0x0000000000000e00       0x90 ./Middlewares/ST/STM32_USB_Device_Library/Class/CDC/Src/usbd_cdc.o
 .debug_aranges
                0x0000000000000e90       0xd8 ./Middlewares/ST/STM32_USB_Device_Library/Core/Src/usbd_core.o
 .debug_aranges
                0x0000000000000f68       0x90 ./Middlewares/ST/STM32_USB_Device_Library/Core/Src/usbd_ctlreq.o
 .debug_aranges
                0x0000000000000ff8       0x50 ./Middlewares/ST/STM32_USB_Device_Library/Core/Src/usbd_ioreq.o
 .debug_aranges
                0x0000000000001048       0x20 ./USB_DEVICE/App/usb_device.o
 .debug_aranges
                0x0000000000001068       0x48 ./USB_DEVICE/App/usbd_cdc_if.o
 .debug_aranges
                0x00000000000010b0       0x60 ./USB_DEVICE/App/usbd_desc.o
 .debug_aranges
                0x0000000000001110      0x110 ./USB_DEVICE/Target/usbd_conf.o

.debug_ranges   0x0000000000000000     0x10d0
 .debug_ranges  0x0000000000000000       0xa0 ./Core/Src/main.o
 .debug_ranges  0x00000000000000a0       0x48 ./Core/Src/stm32f4xx_hal_msp.o
 .debug_ranges  0x00000000000000e8       0x88 ./Core/Src/stm32f4xx_it.o
 .debug_ranges  0x0000000000000170       0x18 ./Core/Src/system_stm32f4xx.o
 .debug_ranges  0x0000000000000188       0x20 ./Core/Startup/startup_stm32f411ceux.o
 .debug_ranges  0x00000000000001a8       0xe0 ./Drivers/STM32F4xx_HAL_Driver/Src/stm32f4xx_hal.o
 .debug_ranges  0x0000000000000288       0xd8 ./Drivers/STM32F4xx_HAL_Driver/Src/stm32f4xx_hal_adc.o
 .debug_ranges  0x0000000000000360      0x108 ./Drivers/STM32F4xx_HAL_Driver/Src/stm32f4xx_hal_cortex.o
 .debug_ranges  0x0000000000000468       0x48 ./Drivers/STM32F4xx_HAL_Driver/Src/stm32f4xx_hal_gpio.o
 .debug_ranges  0x00000000000004b0      0x138 ./Drivers/STM32F4xx_HAL_Driver/Src/stm32f4xx_hal_pcd.o
 .debug_ranges  0x00000000000005e8       0x28 ./Drivers/STM32F4xx_HAL_Driver/Src/stm32f4xx_hal_pcd_ex.o
 .debug_ranges  0x0000000000000610       0x78 ./Drivers/STM32F4xx_HAL_Driver/Src/stm32f4xx_hal_rcc.o
 .debug_ranges  0x0000000000000688      0x3c0 ./Drivers/STM32F4xx_HAL_Driver/Src/stm32f4xx_hal_tim.o
 .debug_ranges  0x0000000000000a48      0x158 ./Drivers/STM32F4xx_HAL_Driver/Src/stm32f4xx_hal_tim_ex.o
 .debug_ranges  0x0000000000000ba0      0x190 ./Drivers/STM32F4xx_HAL_Driver/Src/stm32f4xx_ll_usb.o
 .debug_ranges  0x0000000000000d30       0x80 ./Middlewares/ST/STM32_USB_Device_Library/Class/CDC/Src/usbd_cdc.o
 .debug_ranges  0x0000000000000db0       0xc8 ./Middlewares/ST/STM32_USB_Device_Library/Core/Src/usbd_core.o
 .debug_ranges  0x0000000000000e78       0x80 ./Middlewares/ST/STM32_USB_Device_Library/Core/Src/usbd_ctlreq.o
 .debug_ranges  0x0000000000000ef8       0x40 ./Middlewares/ST/STM32_USB_Device_Library/Core/Src/usbd_ioreq.o
 .debug_ranges  0x0000000000000f38       0x10 ./USB_DEVICE/App/usb_device.o
 .debug_ranges  0x0000000000000f48       0x38 ./USB_DEVICE/App/usbd_cdc_if.o
 .debug_ranges  0x0000000000000f80       0x50 ./USB_DEVICE/App/usbd_desc.o
 .debug_ranges  0x0000000000000fd0      0x100 ./USB_DEVICE/Target/usbd_conf.o

.debug_macro    0x0000000000000000    0x1a5ab
 .debug_macro   0x0000000000000000      0x410 ./Core/Src/main.o
 .debug_macro   0x0000000000000410      0xa78 ./Core/Src/main.o
 .debug_macro   0x0000000000000e88      0x2a1 ./Core/Src/main.o
 .debug_macro   0x0000000000001129       0x2e ./Core/Src/main.o
 .debug_macro   0x0000000000001157       0x28 ./Core/Src/main.o
 .debug_macro   0x000000000000117f       0x22 ./Core/Src/main.o
 .debug_macro   0x00000000000011a1       0x8e ./Core/Src/main.o
 .debug_macro   0x000000000000122f       0x51 ./Core/Src/main.o
 .debug_macro   0x0000000000001280      0x103 ./Core/Src/main.o
 .debug_macro   0x0000000000001383       0x6a ./Core/Src/main.o
 .debug_macro   0x00000000000013ed      0x1df ./Core/Src/main.o
 .debug_macro   0x00000000000015cc       0x1c ./Core/Src/main.o
 .debug_macro   0x00000000000015e8       0x22 ./Core/Src/main.o
 .debug_macro   0x000000000000160a       0xd9 ./Core/Src/main.o
 .debug_macro   0x00000000000016e3     0x102d ./Core/Src/main.o
 .debug_macro   0x0000000000002710      0x11f ./Core/Src/main.o
 .debug_macro   0x000000000000282f     0xb953 ./Core/Src/main.o
 .debug_macro   0x000000000000e182       0x6d ./Core/Src/main.o
 .debug_macro   0x000000000000e1ef     0x367e ./Core/Src/main.o
 .debug_macro   0x000000000001186d      0x174 ./Core/Src/main.o
 .debug_macro   0x00000000000119e1       0x5c ./Core/Src/main.o
 .debug_macro   0x0000000000011a3d      0x447 ./Core/Src/main.o
 .debug_macro   0x0000000000011e84      0x9fe ./Core/Src/main.o
 .debug_macro   0x0000000000012882      0x115 ./Core/Src/main.o
 .debug_macro   0x0000000000012997      0x11b ./Core/Src/main.o
 .debug_macro   0x0000000000012ab2       0xa5 ./Core/Src/main.o
 .debug_macro   0x0000000000012b57      0x15f ./Core/Src/main.o
 .debug_macro   0x0000000000012cb6      0x287 ./Core/Src/main.o
 .debug_macro   0x0000000000012f3d       0x5f ./Core/Src/main.o
 .debug_macro   0x0000000000012f9c      0x236 ./Core/Src/main.o
 .debug_macro   0x00000000000131d2      0x9e1 ./Core/Src/main.o
 .debug_macro   0x0000000000013bb3      0x38b ./Core/Src/main.o
 .debug_macro   0x0000000000013f3e      0x17d ./Core/Src/main.o
 .debug_macro   0x00000000000140bb       0xf9 ./Core/Src/main.o
 .debug_macro   0x00000000000141b4      0x132 ./Core/Src/main.o
 .debug_macro   0x00000000000142e6      0x264 ./Core/Src/main.o
 .debug_macro   0x000000000001454a       0x2e ./Core/Src/main.o
 .debug_macro   0x0000000000014578      0x11a ./Core/Src/main.o
 .debug_macro   0x0000000000014692       0x85 ./Core/Src/main.o
 .debug_macro   0x0000000000014717       0x89 ./Core/Src/main.o
 .debug_macro   0x00000000000147a0      0x8e6 ./Core/Src/main.o
 .debug_macro   0x0000000000015086       0x47 ./Core/Src/main.o
 .debug_macro   0x00000000000150cd      0x248 ./Core/Src/main.o
 .debug_macro   0x0000000000015315       0xba ./Core/Src/main.o
 .debug_macro   0x00000000000153cf      0x126 ./Core/Src/main.o
 .debug_macro   0x00000000000154f5       0x58 ./Core/Src/main.o
 .debug_macro   0x000000000001554d       0x52 ./Core/Src/main.o
 .debug_macro   0x000000000001559f       0x1e ./Core/Src/main.o
 .debug_macro   0x00000000000155bd       0x3c ./Core/Src/main.o
 .debug_macro   0x00000000000155f9       0x34 ./Core/Src/main.o
 .debug_macro   0x000000000001562d       0x16 ./Core/Src/main.o
 .debug_macro   0x0000000000015643       0x35 ./Core/Src/main.o
 .debug_macro   0x0000000000015678      0x341 ./Core/Src/main.o
 .debug_macro   0x00000000000159b9       0x10 ./Core/Src/main.o
 .debug_macro   0x00000000000159c9       0x16 ./Core/Src/main.o
 .debug_macro   0x00000000000159df       0x43 ./Core/Src/main.o
 .debug_macro   0x0000000000015a22       0x34 ./Core/Src/main.o
 .debug_macro   0x0000000000015a56       0x10 ./Core/Src/main.o
 .debug_macro   0x0000000000015a66       0x58 ./Core/Src/main.o
 .debug_macro   0x0000000000015abe       0x71 ./Core/Src/main.o
 .debug_macro   0x0000000000015b2f       0x1c ./Core/Src/main.o
 .debug_macro   0x0000000000015b4b      0x12a ./Core/Src/main.o
 .debug_macro   0x0000000000015c75       0x10 ./Core/Src/main.o
 .debug_macro   0x0000000000015c85       0x1c ./Core/Src/main.o
 .debug_macro   0x0000000000015ca1       0x52 ./Core/Src/main.o
 .debug_macro   0x0000000000015cf3       0x22 ./Core/Src/main.o
 .debug_macro   0x0000000000015d15       0x10 ./Core/Src/main.o
 .debug_macro   0x0000000000015d25       0x52 ./Core/Src/main.o
 .debug_macro   0x0000000000015d77       0xd5 ./Core/Src/main.o
 .debug_macro   0x0000000000015e4c       0x1c ./Core/Src/main.o
 .debug_macro   0x0000000000015e68       0x3d ./Core/Src/main.o
 .debug_macro   0x0000000000015ea5       0x16 ./Core/Src/main.o
 .debug_macro   0x0000000000015ebb      0x145 ./Core/Src/main.o
 .debug_macro   0x0000000000016000       0x16 ./Core/Src/main.o
 .debug_macro   0x0000000000016016       0x16 ./Core/Src/main.o
 .debug_macro   0x000000000001602c       0x29 ./Core/Src/main.o
 .debug_macro   0x0000000000016055       0x16 ./Core/Src/main.o
 .debug_macro   0x000000000001606b       0x20 ./Core/Src/main.o
 .debug_macro   0x000000000001608b       0x65 ./Core/Src/main.o
 .debug_macro   0x00000000000160f0      0x20f ./Core/Src/main.o
 .debug_macro   0x00000000000162ff      0x21f ./Core/Src/stm32f4xx_hal_msp.o
 .debug_macro   0x000000000001651e      0x229 ./Core/Src/stm32f4xx_it.o
 .debug_macro   0x0000000000016747      0x210 ./Core/Src/system_stm32f4xx.o
 .debug_macro   0x0000000000016957      0x270 ./Drivers/STM32F4xx_HAL_Driver/Src/stm32f4xx_hal.o
 .debug_macro   0x0000000000016bc7      0x211 ./Drivers/STM32F4xx_HAL_Driver/Src/stm32f4xx_hal_adc.o
 .debug_macro   0x0000000000016dd8      0x210 ./Drivers/STM32F4xx_HAL_Driver/Src/stm32f4xx_hal_cortex.o
 .debug_macro   0x0000000000016fe8      0x216 ./Drivers/STM32F4xx_HAL_Driver/Src/stm32f4xx_hal_gpio.o
 .debug_macro   0x00000000000171fe      0x21c ./Drivers/STM32F4xx_HAL_Driver/Src/stm32f4xx_hal_pcd.o
 .debug_macro   0x000000000001741a      0x210 ./Drivers/STM32F4xx_HAL_Driver/Src/stm32f4xx_hal_pcd_ex.o
 .debug_macro   0x000000000001762a      0x234 ./Drivers/STM32F4xx_HAL_Driver/Src/stm32f4xx_hal_rcc.o
 .debug_macro   0x000000000001785e      0x211 ./Drivers/STM32F4xx_HAL_Driver/Src/stm32f4xx_hal_tim.o
 .debug_macro   0x0000000000017a6f      0x210 ./Drivers/STM32F4xx_HAL_Driver/Src/stm32f4xx_hal_tim_ex.o
 .debug_macro   0x0000000000017c7f      0x210 ./Drivers/STM32F4xx_HAL_Driver/Src/stm32f4xx_ll_usb.o
 .debug_macro   0x0000000000017e8f      0x435 ./Middlewares/ST/STM32_USB_Device_Library/Class/CDC/Src/usbd_cdc.o
 .debug_macro   0x00000000000182c4       0x97 ./Middlewares/ST/STM32_USB_Device_Library/Class/CDC/Src/usbd_cdc.o
 .debug_macro   0x000000000001835b       0xfd ./Middlewares/ST/STM32_USB_Device_Library/Class/CDC/Src/usbd_cdc.o
 .debug_macro   0x0000000000018458       0x56 ./Middlewares/ST/STM32_USB_Device_Library/Class/CDC/Src/usbd_cdc.o
 .debug_macro   0x00000000000184ae       0x95 ./Middlewares/ST/STM32_USB_Device_Library/Class/CDC/Src/usbd_cdc.o
 .debug_macro   0x0000000000018543      0x41c ./Middlewares/ST/STM32_USB_Device_Library/Core/Src/usbd_core.o
 .debug_macro   0x000000000001895f      0x215 ./Middlewares/ST/STM32_USB_Device_Library/Core/Src/usbd_core.o
 .debug_macro   0x0000000000018b74      0x426 ./Middlewares/ST/STM32_USB_Device_Library/Core/Src/usbd_ctlreq.o
 .debug_macro   0x0000000000018f9a      0x422 ./Middlewares/ST/STM32_USB_Device_Library/Core/Src/usbd_ioreq.o
 .debug_macro   0x00000000000193bc      0x455 ./USB_DEVICE/App/usb_device.o
 .debug_macro   0x0000000000019811       0x5e ./USB_DEVICE/App/usb_device.o
 .debug_macro   0x000000000001986f       0x22 ./USB_DEVICE/App/usb_device.o
 .debug_macro   0x0000000000019891       0x16 ./USB_DEVICE/App/usb_device.o
 .debug_macro   0x00000000000198a7      0x440 ./USB_DEVICE/App/usbd_cdc_if.o
 .debug_macro   0x0000000000019ce7       0x10 ./USB_DEVICE/App/usbd_cdc_if.o
 .debug_macro   0x0000000000019cf7      0x45f ./USB_DEVICE/App/usbd_desc.o
 .debug_macro   0x000000000001a156       0x1c ./USB_DEVICE/App/usbd_desc.o
 .debug_macro   0x000000000001a172      0x439 ./USB_DEVICE/Target/usbd_conf.o

.debug_line     0x0000000000000000    0x15bf8
 .debug_line    0x0000000000000000      0xf99 ./Core/Src/main.o
 .debug_line    0x0000000000000f99      0x91c ./Core/Src/stm32f4xx_hal_msp.o
 .debug_line    0x00000000000018b5      0x89d ./Core/Src/stm32f4xx_it.o
 .debug_line    0x0000000000002152      0x7b3 ./Core/Src/system_stm32f4xx.o
 .debug_line    0x0000000000002905       0x88 ./Core/Startup/startup_stm32f411ceux.o
 .debug_line    0x000000000000298d      0xa19 ./Drivers/STM32F4xx_HAL_Driver/Src/stm32f4xx_hal.o
 .debug_line    0x00000000000033a6     0x11c9 ./Drivers/STM32F4xx_HAL_Driver/Src/stm32f4xx_hal_adc.o
 .debug_line    0x000000000000456f      0xcc8 ./Drivers/STM32F4xx_HAL_Driver/Src/stm32f4xx_hal_cortex.o
 .debug_line    0x0000000000005237      0xb51 ./Drivers/STM32F4xx_HAL_Driver/Src/stm32f4xx_hal_gpio.o
 .debug_line    0x0000000000005d88     0x14bc ./Drivers/STM32F4xx_HAL_Driver/Src/stm32f4xx_hal_pcd.o
 .debug_line    0x0000000000007244      0x7fc ./Drivers/STM32F4xx_HAL_Driver/Src/stm32f4xx_hal_pcd_ex.o
 .debug_line    0x0000000000007a40      0xd93 ./Drivers/STM32F4xx_HAL_Driver/Src/stm32f4xx_hal_rcc.o
 .debug_line    0x00000000000087d3     0x34e7 ./Drivers/STM32F4xx_HAL_Driver/Src/stm32f4xx_hal_tim.o
 .debug_line    0x000000000000bcba     0x19b1 ./Drivers/STM32F4xx_HAL_Driver/Src/stm32f4xx_hal_tim_ex.o
 .debug_line    0x000000000000d66b     0x1ad6 ./Drivers/STM32F4xx_HAL_Driver/Src/stm32f4xx_ll_usb.o
 .debug_line    0x000000000000f141      0xf44 ./Middlewares/ST/STM32_USB_Device_Library/Class/CDC/Src/usbd_cdc.o