../Core/Src/main.c:92:5:main	8	static
../Core/Src/main.c:161:6:SystemClock_Config	88	static
../Core/Src/main.c:207:13:MX_ADC1_Init	24	static
../Core/Src/main.c:259:13:MX_TIM2_Init	104	static
../Core/Src/main.c:344:13:MX_TIM3_Init	104	static
../Core/Src/main.c:429:13:MX_TIM4_Init	104	static
../Core/Src/main.c:514:13:MX_TIM5_Init	56	static
../Core/Src/main.c:563:13:MX_TIM10_Init	8	static
../Core/Src/main.c:594:13:MX_GPIO_Init	48	static
../Core/Src/main.c:629:13:MX_TIM2_TRIAC_Init	104	static
../Core/Src/main.c:696:6:HAL_TIM_OC_DelayElapsedCallback	16	static
../Core/Src/main.c:740:6:HAL_TIM_IC_CaptureCallback	24	static
../Core/Src/main.c:788:6:set_alpha	16	static
../Core/Src/main.c:807:6:HAL_GPIO_EXTI_Callback	16	static
../Core/Src/main.c:822:6:HAL_TIM_PeriodElapsedCallback	16	static
../Core/Src/main.c:844:6:Error_Handler	4	static,ignoring_inline_asm
