../Core/Src/main.c:92:5:main	8	static
../Core/Src/main.c:165:6:SystemClock_Config	88	static
../Core/Src/main.c:211:13:MX_ADC1_Init	24	static
../Core/Src/main.c:263:13:MX_TIM2_Init	104	static
../Core/Src/main.c:348:13:MX_TIM3_Init	104	static
../Core/Src/main.c:433:13:MX_TIM4_Init	104	static
../Core/Src/main.c:518:13:MX_TIM5_Init	56	static
../Core/Src/main.c:567:13:MX_TIM10_Init	8	static
../Core/Src/main.c:598:13:MX_GPIO_Init	48	static
../Core/Src/main.c:633:6:HAL_TIM_OC_DelayElapsedCallback	16	static
../Core/Src/main.c:688:6:HAL_TIM_IC_CaptureCallback	24	static
../Core/Src/main.c:738:6:set_alpha	16	static
../Core/Src/main.c:767:6:HAL_GPIO_EXTI_Callback	16	static
../Core/Src/main.c:782:6:HAL_TIM_PeriodElapsedCallback	16	static
../Core/Src/main.c:816:6:Error_Handler	4	static,ignoring_inline_asm
